[Rule(name=Typename(name='unlimited-people', unwrapped=None, parameters=None),
      assign=Token(type=<Tokens.ASSIGN: '='>,
                   literal='',
                   comments=[],
                   whitespace=' '),
      type=Type(types=[Array(groupChoices=[GroupChoice(groupEntries=[GroupEntry(occurrence=Occurrence(n=0,
                                                                                                      m=inf,
                                                                                                      tokens=[Token(type=<Tokens.ASTERISK: '*'>,
                                                                                                                    literal='',
                                                                                                                    comments=[],
                                                                                                                    whitespace='')]),
                                                                                key=None,
                                                                                type=Type(types=[Typename(name='person',
                                                                                                          unwrapped=None,
                                                                                                          parameters=None)]))])])])),
 Rule(name=Typename(name='at-least-one-person',
                    unwrapped=None,
                    parameters=None),
      assign=Token(type=<Tokens.ASSIGN: '='>,
                   literal='',
                   comments=[],
                   whitespace=' '),
      type=Type(types=[Array(groupChoices=[GroupChoice(groupEntries=[GroupEntry(occurrence=Occurrence(n=1,
                                                                                                      m=inf,
                                                                                                      tokens=[Token(type=<Tokens.PLUS: '+'>,
                                                                                                                    literal='',
                                                                                                                    comments=[],
                                                                                                                    whitespace='')]),
                                                                                key=None,
                                                                                type=Type(types=[Typename(name='person',
                                                                                                          unwrapped=None,
                                                                                                          parameters=None)]))])])])),
 Rule(name=Typename(name='zero-or-one-person', unwrapped=None, parameters=None),
      assign=Token(type=<Tokens.ASSIGN: '='>,
                   literal='',
                   comments=[],
                   whitespace=' '),
      type=Type(types=[Array(groupChoices=[GroupChoice(groupEntries=[GroupEntry(occurrence=Occurrence(n=0,
                                                                                                      m=inf,
                                                                                                      tokens=[Token(type=<Tokens.QUEST: '?'>,
                                                                                                                    literal='',
                                                                                                                    comments=[],
                                                                                                                    whitespace='')]),
                                                                                key=None,
                                                                                type=Type(types=[Typename(name='person',
                                                                                                          unwrapped=None,
                                                                                                          parameters=None)]))])])])),
 Rule(name=Typename(name='one-or-two-people', unwrapped=None, parameters=None),
      assign=Token(type=<Tokens.ASSIGN: '='>,
                   literal='',
                   comments=[],
                   whitespace=' '),
      type=Type(types=[Array(groupChoices=[GroupChoice(groupEntries=[GroupEntry(occurrence=Occurrence(n=1,
                                                                                                      m=2,
                                                                                                      tokens=[Token(type=<Tokens.NUMBER: 'NUMBER'>,
                                                                                                                    literal='1',
                                                                                                                    comments=[],
                                                                                                                    whitespace=''),
                                                                                                              Token(type=<Tokens.ASTERISK: '*'>,
                                                                                                                    literal='',
                                                                                                                    comments=[],
                                                                                                                    whitespace=''),
                                                                                                              Token(type=<Tokens.NUMBER: 'NUMBER'>,
                                                                                                                    literal='2',
                                                                                                                    comments=[],
                                                                                                                    whitespace='')]),
                                                                                key=None,
                                                                                type=Type(types=[Typename(name='person',
                                                                                                          unwrapped=None,
                                                                                                          parameters=None)]))])])])),
 Rule(name=Typename(name='zero-or-two-people', unwrapped=None, parameters=None),
      assign=Token(type=<Tokens.ASSIGN: '='>,
                   literal='',
                   comments=[],
                   whitespace=' '),
      type=Type(types=[Array(groupChoices=[GroupChoice(groupEntries=[GroupEntry(occurrence=Occurrence(n=0,
                                                                                                      m=2,
                                                                                                      tokens=[Token(type=<Tokens.ASTERISK: '*'>,
                                                                                                                    literal='',
                                                                                                                    comments=[],
                                                                                                                    whitespace=''),
                                                                                                              Token(type=<Tokens.NUMBER: 'NUMBER'>,
                                                                                                                    literal='2',
                                                                                                                    comments=[],
                                                                                                                    whitespace='')]),
                                                                                key=None,
                                                                                type=Type(types=[Typename(name='person',
                                                                                                          unwrapped=None,
                                                                                                          parameters=None)]))])])])),
 Rule(name=Typename(name='two-or-infinity-people',
                    unwrapped=None,
                    parameters=None),
      assign=Token(type=<Tokens.ASSIGN: '='>,
                   literal='',
                   comments=[],
                   whitespace=' '),
      type=Type(types=[Array(groupChoices=[GroupChoice(groupEntries=[GroupEntry(occurrence=Occurrence(n=2,
                                                                                                      m=inf,
                                                                                                      tokens=[Token(type=<Tokens.NUMBER: 'NUMBER'>,
                                                                                                                    literal='2',
                                                                                                                    comments=[],
                                                                                                                    whitespace=''),
                                                                                                              Token(type=<Tokens.ASTERISK: '*'>,
                                                                                                                    literal='',
                                                                                                                    comments=[],
                                                                                                                    whitespace='')]),
                                                                                key=None,
                                                                                type=Type(types=[Typename(name='person',
                                                                                                          unwrapped=None,
                                                                                                          parameters=None)]))])])])),
 Rule(name=Typename(name='person', unwrapped=None, parameters=None),
      assign=Token(type=<Tokens.ASSIGN: '='>,
                   literal='',
                   comments=[],
                   whitespace=' '),
      type=GroupEntry(occurrence=None,
                      key=None,
                      type=Type(types=[Group(groupChoices=[GroupChoice(groupEntries=[GroupEntry(occurrence=None,
                                                                                                key=Memberkey(type=Typename(name='name',
                                                                                                                            unwrapped=None,
                                                                                                                            parameters=None),
                                                                                                              hasCut=True,
                                                                                                              hasColon=True,
                                                                                                              tokens=[Token(type=<Tokens.COLON: ':'>,
                                                                                                                            literal='',
                                                                                                                            comments=[],
                                                                                                                            whitespace='')]),
                                                                                                type=Type(types=[Typename(name='tstr',
                                                                                                                          unwrapped=None,
                                                                                                                          parameters=None)])),
                                                                                     GroupEntry(occurrence=None,
                                                                                                key=Memberkey(type=Typename(name='age',
                                                                                                                            unwrapped=None,
                                                                                                                            parameters=None),
                                                                                                              hasCut=True,
                                                                                                              hasColon=True,
                                                                                                              tokens=[Token(type=<Tokens.COLON: ':'>,
                                                                                                                            literal='',
                                                                                                                            comments=[],
                                                                                                                            whitespace='')]),
                                                                                                type=Type(types=[Typename(name='uint',
                                                                                                                          unwrapped=None,
                                                                                                                          parameters=None)]))])])]))),
 Rule(name=Typename(name='ActionsPerformActionsParameters',
                    unwrapped=None,
                    parameters=None),
      assign=Token(type=<Tokens.ASSIGN: '='>,
                   literal='',
                   comments=[],
                   whitespace=' '),
      type=Type(types=[Array(groupChoices=[GroupChoice(groupEntries=[GroupEntry(occurrence=Occurrence(n=1,
                                                                                                      m=4,
                                                                                                      tokens=[Token(type=<Tokens.NUMBER: 'NUMBER'>,
                                                                                                                    literal='1',
                                                                                                                    comments=[],
                                                                                                                    whitespace=''),
                                                                                                              Token(type=<Tokens.ASTERISK: '*'>,
                                                                                                                    literal='',
                                                                                                                    comments=[],
                                                                                                                    whitespace=''),
                                                                                                              Token(type=<Tokens.NUMBER: 'NUMBER'>,
                                                                                                                    literal='4',
                                                                                                                    comments=[],
                                                                                                                    whitespace='')]),
                                                                                key=None,
                                                                                type=Type(types=[Map(groupChoices=[GroupChoice(groupEntries=[GroupEntry(occurrence=None,
                                                                                                                                                        key=Memberkey(type=Typename(name='type',
                                                                                                                                                                                    unwrapped=None,
                                                                                                                                                                                    parameters=None),
                                                                                                                                                                      hasCut=True,
                                                                                                                                                                      hasColon=True,
                                                                                                                                                                      tokens=[Token(type=<Tokens.COLON: ':'>,
                                                                                                                                                                                    literal='',
                                                                                                                                                                                    comments=[],
                                                                                                                                                                                    whitespace='')]),
                                                                                                                                                        type=Type(types=[Value(value='key',
                                                                                                                                                                               type='text')])),
                                                                                                                                             GroupEntry(occurrence=None,
                                                                                                                                                        key=Memberkey(type=Typename(name='id',
                                                                                                                                                                                    unwrapped=None,
                                                                                                                                                                                    parameters=None),
                                                                                                                                                                      hasCut=True,
                                                                                                                                                                      hasColon=True,
                                                                                                                                                                      tokens=[Token(type=<Tokens.COLON: ':'>,
                                                                                                                                                                                    literal='',
                                                                                                                                                                                    comments=[],
                                                                                                                                                                                    whitespace='')]),
                                                                                                                                                        type=Type(types=[Typename(name='text',
                                                                                                                                                                                  unwrapped=None,
                                                                                                                                                                                  parameters=None)])),
                                                                                                                                             GroupEntry(occurrence=None,
                                                                                                                                                        key=Memberkey(type=Typename(name='actions',
                                                                                                                                                                                    unwrapped=None,
                                                                                                                                                                                    parameters=None),
                                                                                                                                                                      hasCut=True,
                                                                                                                                                                      hasColon=True,
                                                                                                                                                                      tokens=[Token(type=<Tokens.COLON: ':'>,
                                                                                                                                                                                    literal='',
                                                                                                                                                                                    comments=[],
                                                                                                                                                                                    whitespace='')]),
                                                                                                                                                        type=Type(types=[Typename(name='ActionItems',
                                                                                                                                                                                  unwrapped=None,
                                                                                                                                                                                  parameters=None)])),
                                                                                                                                             GroupEntry(occurrence=Occurrence(n=0,
                                                                                                                                                                              m=inf,
                                                                                                                                                                              tokens=[Token(type=<Tokens.ASTERISK: '*'>,
                                                                                                                                                                                            literal='',
                                                                                                                                                                                            comments=[],
                                                                                                                                                                                            whitespace='\n'
                                                                                                                                                                                                       '    ')]),
                                                                                                                                                        key=Memberkey(type=Typename(name='text',
                                                                                                                                                                                    unwrapped=None,
                                                                                                                                                                                    parameters=None),
                                                                                                                                                                      hasCut=False,
                                                                                                                                                                      hasColon=False,
                                                                                                                                                                      tokens=[Token(type=<Tokens.ARROWMAP: '=>'>,
                                                                                                                                                                                    literal='',
                                                                                                                                                                                    comments=[],
                                                                                                                                                                                    whitespace=' ')]),
                                                                                                                                                        type=Type(types=[Typename(name='any',
                                                                                                                                                                                  unwrapped=None,
                                                                                                                                                                                  parameters=None)]))])])]))])])])),
 Rule(name=Typename(name='script.MappingRemoteValue',
                    unwrapped=None,
                    parameters=None),
      assign=Token(type=<Tokens.ASSIGN: '='>,
                   literal='',
                   comments=[],
                   whitespace=' '),
      type=Type(types=[Array(groupChoices=[GroupChoice(groupEntries=[GroupEntry(occurrence=Occurrence(n=0,
                                                                                                      m=inf,
                                                                                                      tokens=[Token(type=<Tokens.ASTERISK: '*'>,
                                                                                                                    literal='',
                                                                                                                    comments=[],
                                                                                                                    whitespace='')]),
                                                                                key=None,
                                                                                type=Type(types=[Array(groupChoices=[GroupChoice(groupEntries=[GroupEntry(occurrence=None,
                                                                                                                                                          key=None,
                                                                                                                                                          type=Type(types=[Group(groupChoices=[GroupChoice(groupEntries=[GroupEntry(occurrence=None,
                                                                                                                                                                                                                                    key=None,
                                                                                                                                                                                                                                    type=Type(types=[Typename(name='script.RemoteValue',
                                                                                                                                                                                                                                                              unwrapped=None,
                                                                                                                                                                                                                                                              parameters=None),
                                                                                                                                                                                                                                                     Typename(name='text',
                                                                                                                                                                                                                                                              unwrapped=None,
                                                                                                                                                                                                                                                              parameters=None)]))])])])),
                                                                                                                                               GroupEntry(occurrence=None,
                                                                                                                                                          key=None,
                                                                                                                                                          type=Type(types=[Typename(name='script.RemoteValue',
                                                                                                                                                                                    unwrapped=None,
                                                                                                                                                                                    parameters=None)]))])])]))])])]))]