[Rule(name='unlimited-people',
      isChoiceAddition=False,
      type=GroupEntry(occurrence=Occurrence(n=1, m=1),
                      key=None,
                      type=Type(types=[Array(groupChoices=[GroupChoice(groupEntries=[GroupEntry(occurrence=Occurrence(n=0,
                                                                                                                      m=inf),
                                                                                                key=None,
                                                                                                type=Type(types=[Typename(name='person',
                                                                                                                          unwrapped=False)]))])])]))),
 Rule(name='at-least-one-person',
      isChoiceAddition=False,
      type=GroupEntry(occurrence=Occurrence(n=1, m=1),
                      key=None,
                      type=Type(types=[Array(groupChoices=[GroupChoice(groupEntries=[GroupEntry(occurrence=Occurrence(n=1,
                                                                                                                      m=inf),
                                                                                                key=None,
                                                                                                type=Type(types=[Typename(name='person',
                                                                                                                          unwrapped=False)]))])])]))),
 Rule(name='zero-or-one-person',
      isChoiceAddition=False,
      type=GroupEntry(occurrence=Occurrence(n=1, m=1),
                      key=None,
                      type=Type(types=[Array(groupChoices=[GroupChoice(groupEntries=[GroupEntry(occurrence=Occurrence(n=0,
                                                                                                                      m=inf),
                                                                                                key=None,
                                                                                                type=Type(types=[Typename(name='person',
                                                                                                                          unwrapped=False)]))])])]))),
 Rule(name='one-or-two-people',
      isChoiceAddition=False,
      type=GroupEntry(occurrence=Occurrence(n=1, m=1),
                      key=None,
                      type=Type(types=[Array(groupChoices=[GroupChoice(groupEntries=[GroupEntry(occurrence=Occurrence(n=1,
                                                                                                                      m=2),
                                                                                                key=None,
                                                                                                type=Type(types=[Typename(name='person',
                                                                                                                          unwrapped=False)]))])])]))),
 Rule(name='zero-or-two-people',
      isChoiceAddition=False,
      type=GroupEntry(occurrence=Occurrence(n=1, m=1),
                      key=None,
                      type=Type(types=[Array(groupChoices=[GroupChoice(groupEntries=[GroupEntry(occurrence=Occurrence(n=0,
                                                                                                                      m=2),
                                                                                                key=None,
                                                                                                type=Type(types=[Typename(name='person',
                                                                                                                          unwrapped=False)]))])])]))),
 Rule(name='two-or-infinity-people',
      isChoiceAddition=False,
      type=GroupEntry(occurrence=Occurrence(n=1, m=1),
                      key=None,
                      type=Type(types=[Array(groupChoices=[GroupChoice(groupEntries=[GroupEntry(occurrence=Occurrence(n=2,
                                                                                                                      m=inf),
                                                                                                key=None,
                                                                                                type=Type(types=[Typename(name='person',
                                                                                                                          unwrapped=False)]))])])]))),
 Rule(name='person',
      isChoiceAddition=False,
      type=GroupEntry(occurrence=Occurrence(n=1, m=1),
                      key=None,
                      type=Type(types=[Group(groupChoices=[GroupChoice(groupEntries=[GroupEntry(occurrence=Occurrence(n=1,
                                                                                                                      m=1),
                                                                                                key=Memberkey(type=Typename(name='name',
                                                                                                                            unwrapped=False),
                                                                                                              hasCut=True),
                                                                                                type=Type(types=[Typename(name='tstr',
                                                                                                                          unwrapped=False)])),
                                                                                     GroupEntry(occurrence=Occurrence(n=1,
                                                                                                                      m=1),
                                                                                                key=Memberkey(type=Typename(name='age',
                                                                                                                            unwrapped=False),
                                                                                                              hasCut=True),
                                                                                                type=Type(types=[Typename(name='uint',
                                                                                                                          unwrapped=False)]))])],
                                             isMap=False)]))),
 Rule(name='ActionsPerformActionsParameters',
      isChoiceAddition=False,
      type=GroupEntry(occurrence=Occurrence(n=1, m=1),
                      key=None,
                      type=Type(types=[Array(groupChoices=[GroupChoice(groupEntries=[GroupEntry(occurrence=Occurrence(n=1,
                                                                                                                      m=4),
                                                                                                key=None,
                                                                                                type=Type(types=[Group(groupChoices=[GroupChoice(groupEntries=[GroupEntry(occurrence=Occurrence(n=1,
                                                                                                                                                                                                m=1),
                                                                                                                                                                          key=Memberkey(type=Typename(name='type',
                                                                                                                                                                                                      unwrapped=False),
                                                                                                                                                                                        hasCut=True),
                                                                                                                                                                          type=Type(types=[Value(value='key')])),
                                                                                                                                                               GroupEntry(occurrence=Occurrence(n=1,
                                                                                                                                                                                                m=1),
                                                                                                                                                                          key=Memberkey(type=Typename(name='id',
                                                                                                                                                                                                      unwrapped=False),
                                                                                                                                                                                        hasCut=True),
                                                                                                                                                                          type=Type(types=[Typename(name='text',
                                                                                                                                                                                                    unwrapped=False)])),
                                                                                                                                                               GroupEntry(occurrence=Occurrence(n=1,
                                                                                                                                                                                                m=1),
                                                                                                                                                                          key=Memberkey(type=Typename(name='actions',
                                                                                                                                                                                                      unwrapped=False),
                                                                                                                                                                                        hasCut=True),
                                                                                                                                                                          type=Type(types=[Typename(name='ActionItems',
                                                                                                                                                                                                    unwrapped=False)])),
                                                                                                                                                               GroupEntry(occurrence=Occurrence(n=0,
                                                                                                                                                                                                m=inf),
                                                                                                                                                                          key=Memberkey(type=Typename(name='text',
                                                                                                                                                                                                      unwrapped=False),
                                                                                                                                                                                        hasCut=False),
                                                                                                                                                                          type=Type(types=[Typename(name='any',
                                                                                                                                                                                                    unwrapped=False)]))])],
                                                                                                                       isMap=True)]))])])]))),
 Rule(name='script.MappingRemoteValue',
      isChoiceAddition=False,
      type=GroupEntry(occurrence=Occurrence(n=1, m=1),
                      key=None,
                      type=Type(types=[Array(groupChoices=[GroupChoice(groupEntries=[GroupEntry(occurrence=Occurrence(n=0,
                                                                                                                      m=inf),
                                                                                                key=None,
                                                                                                type=Type(types=[Array(groupChoices=[GroupChoice(groupEntries=[GroupEntry(occurrence=Occurrence(n=1,
                                                                                                                                                                                                m=1),
                                                                                                                                                                          key=None,
                                                                                                                                                                          type=Type(types=[Group(groupChoices=[GroupChoice(groupEntries=[GroupEntry(occurrence=Occurrence(n=1,
                                                                                                                                                                                                                                                                          m=1),
                                                                                                                                                                                                                                                    key=None,
                                                                                                                                                                                                                                                    type=Type(types=[Typename(name='script.RemoteValue',
                                                                                                                                                                                                                                                                              unwrapped=False),
                                                                                                                                                                                                                                                                     Typename(name='text',
                                                                                                                                                                                                                                                                              unwrapped=False)]))])],
                                                                                                                                                                                                 isMap=False)])),
                                                                                                                                                               GroupEntry(occurrence=Occurrence(n=1,
                                                                                                                                                                                                m=1),
                                                                                                                                                                          key=None,
                                                                                                                                                                          type=Type(types=[Typename(name='script.RemoteValue',
                                                                                                                                                                                                    unwrapped=False)]))])])]))])])])))]