CDDLTree
  Token: EOF (EOF)
    whitespaces: 1
    Token: COMMENT (COMMENT)
      literal: ;
  Rule
    Typename
      unlimited-people
    Token: ASSIGN (=)
      whitespaces: 1
    Type
      Array
        Token: LBRACK ([)
          whitespaces: 1
        Token: RBRACK (])
        GroupChoice
          GroupEntry
            Occurrence
              Token: ASTERISK (*)
            Type
              Typename
                whitespaces: 1
                person
  Rule
    Typename
      whitespaces: 1
      at-least-one-person
    Token: ASSIGN (=)
      whitespaces: 1
    Type
      Array
        Token: LBRACK ([)
          whitespaces: 1
        Token: RBRACK (])
        GroupChoice
          GroupEntry
            Occurrence
              Token: PLUS (+)
            Type
              Typename
                whitespaces: 1
                person
  Rule
    Typename
      Token: COMMENT (COMMENT)
        whitespaces: 4
        literal: ; some
      whitespaces: 1
      zero-or-one-person
    Token: ASSIGN (=)
      whitespaces: 1
    Type
      Array
        Token: LBRACK ([)
          whitespaces: 1
        Token: RBRACK (])
        GroupChoice
          GroupEntry
            Occurrence
              Token: QUEST (?)
            Type
              Typename
                whitespaces: 1
                person
  Rule
    Typename
      Token: COMMENT (COMMENT)
        whitespaces: 5
        literal: ; comment
      whitespaces: 1
      one-or-two-people
    Token: ASSIGN (=)
      whitespaces: 1
    Type
      Array
        Token: LBRACK ([)
          whitespaces: 1
        Token: RBRACK (])
        GroupChoice
          GroupEntry
            Occurrence
              Token: NUMBER (NUMBER)
                literal: 1
              Token: ASTERISK (*)
              Token: NUMBER (NUMBER)
                literal: 2
            Type
              Typename
                whitespaces: 1
                person
  Rule
    Typename
      whitespaces: 1
      zero-or-two-people
    Token: ASSIGN (=)
      whitespaces: 1
    Type
      Array
        Token: LBRACK ([)
          whitespaces: 1
        Token: RBRACK (])
        GroupChoice
          GroupEntry
            Occurrence
              Token: ASTERISK (*)
              Token: NUMBER (NUMBER)
                literal: 2
            Type
              Typename
                whitespaces: 1
                person
  Rule
    Typename
      whitespaces: 1
      two-or-infinity-people
    Token: ASSIGN (=)
      whitespaces: 1
    Type
      Array
        Token: LBRACK ([)
          whitespaces: 1
        Token: RBRACK (])
        GroupChoice
          GroupEntry
            Occurrence
              Token: NUMBER (NUMBER)
                literal: 2
              Token: ASTERISK (*)
            Type
              Typename
                whitespaces: 1
                person
  Rule
    Typename
      whitespaces: 1
      person
    Token: ASSIGN (=)
      whitespaces: 1
    GroupEntry
      Type
        Group
          Token: LPAREN (()
            whitespaces: 1
          Token: RPAREN ())
            whitespaces: 1
          GroupChoice
            GroupEntry
              Token: COMMA (,)
              Memberkey
                Typename
                  whitespaces: 5
                  name
                Token: COLON (:)
              Type
                Typename
                  whitespaces: 1
                  tstr
            GroupEntry
              Token: COMMA (,)
              Memberkey
                Typename
                  whitespaces: 5
                  age
                Token: COLON (:)
              Type
                Typename
                  whitespaces: 1
                  uint
  Rule
    Typename
      whitespaces: 2
      ActionsPerformActionsParameters
    Token: ASSIGN (=)
      whitespaces: 1
    Type
      Array
        Token: LBRACK ([)
          whitespaces: 1
        Token: RBRACK (])
        GroupChoice
          GroupEntry
            Occurrence
              Token: NUMBER (NUMBER)
                literal: 1
              Token: ASTERISK (*)
              Token: NUMBER (NUMBER)
                literal: 4
            Type
              Map
                Token: LBRACE ({)
                  whitespaces: 1
                Token: RBRACE (})
                  whitespaces: 1
                GroupChoice
                  GroupEntry
                    Token: COMMA (,)
                    Memberkey
                      Typename
                        whitespaces: 5
                        type
                      Token: COLON (:)
                    Type
                      Value (text): key
                  GroupEntry
                    Token: COMMA (,)
                    Memberkey
                      Typename
                        whitespaces: 5
                        id
                      Token: COLON (:)
                    Type
                      Typename
                        whitespaces: 1
                        text
                  GroupEntry
                    Token: COMMA (,)
                    Memberkey
                      Typename
                        whitespaces: 5
                        actions
                      Token: COLON (:)
                    Type
                      Typename
                        whitespaces: 1
                        ActionItems
                  GroupEntry
                    Occurrence
                      Token: ASTERISK (*)
                        whitespaces: 5
                    Memberkey
                      Typename
                        text
                      Token: ARROWMAP (=>)
                        whitespaces: 1
                    Type
                      Typename
                        whitespaces: 1
                        any
  Rule
    Typename
      whitespaces: 2
      script.MappingRemoteValue
    Token: ASSIGN (=)
      whitespaces: 1
    Type
      Array
        Token: LBRACK ([)
          whitespaces: 1
        Token: RBRACK (])
        GroupChoice
          GroupEntry
            Occurrence
              Token: ASTERISK (*)
            Type
              Array
                Token: LBRACK ([)
                Token: RBRACK (])
                GroupChoice
                  GroupEntry
                    Token: COMMA (,)
                    Type
                      Group
                        Token: LPAREN (()
                        Token: RPAREN ())
                        GroupChoice
                          GroupEntry
                            Type
                              Typename
                                Token: TCHOICE (/)
                                  whitespaces: 1
                                script.RemoteValue
                              Typename
                                whitespaces: 1
                                text
                  GroupEntry
                    Type
                      Typename
                        whitespaces: 1
                        script.RemoteValue