CDDLTree
  Token: EOF (EOF)
    whitespaces: 1
  Rule
    Typename
      Token: COMMENT (COMMENT)
        literal: ; Cardano Byron blockchain CBOR schema
      whitespaces: 2: block
    Token: ASSIGN (=)
      whitespaces: 1
    Type
      Array
        Token: LBRACK ([)
          whitespaces: 1
        Token: RBRACK (])
          whitespaces: 1
        Token: TCHOICE (/)
          whitespaces: 1
        GroupChoice
          GroupEntry
            Token: COMMA (,)
            Type
              Value (number): 0
          GroupEntry
            Type
              Typename
                whitespaces: 1: ebblock
      Array
        Token: LBRACK ([)
          whitespaces: 1
        Token: RBRACK (])
          whitespaces: 1
        GroupChoice
          GroupEntry
            Token: COMMA (,)
            Type
              Value (number): 1
          GroupEntry
            Type
              Typename
                whitespaces: 1: mainblock
  Rule
    Typename
      whitespaces: 2: mainblock
    Token: ASSIGN (=)
      whitespaces: 1
    Type
      Array
        Token: LBRACK ([)
          whitespaces: 1
        Token: RBRACK (])
          whitespaces: 1
        GroupChoice
          GroupEntry
            Token: COMMA (,)
            Memberkey
              Token: COLON (:)
            Type
              Typename
                whitespaces: 1: blockhead
          GroupEntry
            Token: COMMA (,)
            Memberkey
              Token: COLON (:)
            Type
              Typename
                whitespaces: 1: blockbody
          GroupEntry
            Memberkey
              Token: COLON (:)
            Type
              Array
                Token: LBRACK ([)
                  whitespaces: 1
                Token: RBRACK (])
                  whitespaces: 1
                GroupChoice
                  GroupEntry
                    Type
                      Typename
                        whitespaces: 1: attributes
  Rule
    Typename
      whitespaces: 2: ebblock
    Token: ASSIGN (=)
      whitespaces: 1
    Type
      Array
        Token: LBRACK ([)
          whitespaces: 1
        Token: RBRACK (])
          whitespaces: 1
        GroupChoice
          GroupEntry
            Token: COMMA (,)
            Memberkey
              Token: COLON (:)
            Type
              Typename
                whitespaces: 1: ebbhead
          GroupEntry
            Token: COMMA (,)
            Memberkey
              Token: COLON (:)
            Type
              Array
                Token: LBRACK ([)
                  whitespaces: 1
                Token: RBRACK (])
                  whitespaces: 1
                GroupChoice
                  GroupEntry
                    Occurrence
                      Token: PLUS (+)
                        whitespaces: 1
                    Type
                      Typename
                        whitespaces: 1: stakeholderid
          GroupEntry
            Memberkey
              Token: COLON (:)
            Type
              Array
                Token: LBRACK ([)
                  whitespaces: 1
                Token: RBRACK (])
                  whitespaces: 1
                GroupChoice
                  GroupEntry
                    Type
                      Typename
                        whitespaces: 1: attributes
  Rule
    Typename
      whitespaces: 2: u8
    Token: ASSIGN (=)
      whitespaces: 1
    Type
      Operator
        Typename
          whitespaces: 1: uint
        Token: CTLOP (CTLOP)
          whitespaces: 1
          literal: lt
        Value (number): 256
  Rule
    Typename
      whitespaces: 1: u16
    Token: ASSIGN (=)
      whitespaces: 1
    Type
      Operator
        Typename
          whitespaces: 1: uint
        Token: CTLOP (CTLOP)
          whitespaces: 1
          literal: lt
        Value (number): 65536
  Rule
    Typename
      whitespaces: 1: u32
    Token: ASSIGN (=)
      whitespaces: 1
    Type
      Typename
        whitespaces: 1: uint
  Rule
    Typename
      whitespaces: 1: u64
    Token: ASSIGN (=)
      whitespaces: 1
    Type
      Typename
        whitespaces: 1: uint
  Rule
    Typename
      Token: COMMENT (COMMENT)
        whitespaces: 2
        literal: ; Basic Cardano Types
      whitespaces: 2: blake2b-256
    Token: ASSIGN (=)
      whitespaces: 1
    Type
      Operator
        Typename
          whitespaces: 1: bytes
        Token: CTLOP (CTLOP)
          whitespaces: 1
          literal: size
        Value (number): 32
  Rule
    Typename
      whitespaces: 1: txid
    Token: ASSIGN (=)
      whitespaces: 1
    Type
      Typename
        whitespaces: 1: blake2b-256
  Rule
    Typename
      whitespaces: 1: blockid
    Token: ASSIGN (=)
      whitespaces: 1
    Type
      Typename
        whitespaces: 1: blake2b-256
  Rule
    Typename
      whitespaces: 1: updid
    Token: ASSIGN (=)
      whitespaces: 1
    Type
      Typename
        whitespaces: 1: blake2b-256
  Rule
    Typename
      whitespaces: 1: hash
    Token: ASSIGN (=)
      whitespaces: 1
    Type
      Typename
        whitespaces: 1: blake2b-256
  Rule
    Typename
      whitespaces: 1: blake2b-224
    Token: ASSIGN (=)
      whitespaces: 1
    Type
      Operator
        Typename
          whitespaces: 1: bytes
        Token: CTLOP (CTLOP)
          whitespaces: 1
          literal: size
        Value (number): 28
  Rule
    Typename
      whitespaces: 1: addressid
    Token: ASSIGN (=)
      whitespaces: 1
    Type
      Typename
        whitespaces: 1: blake2b-224
  Rule
    Typename
      whitespaces: 1: stakeholderid
    Token: ASSIGN (=)
      whitespaces: 1
    Type
      Typename
        whitespaces: 1: blake2b-224
  Rule
    Typename
      whitespaces: 1: epochid
    Token: ASSIGN (=)
      whitespaces: 1
    Type
      Typename
        whitespaces: 1: u64
  Rule
    Typename
      whitespaces: 2: slotid
    Token: ASSIGN (=)
      whitespaces: 1
    Type
      Array
        Token: LBRACK ([)
          whitespaces: 1
        Token: RBRACK (])
          whitespaces: 1
        GroupChoice
          GroupEntry
            Token: COMMA (,)
            Memberkey
              Token: COLON (:)
            Type
              Typename
                whitespaces: 1: epochid
          GroupEntry
            Memberkey
              Token: COLON (:)
            Type
              Typename
                whitespaces: 1: u64
  Rule
    Typename
      whitespaces: 2: pubkey
    Token: ASSIGN (=)
      whitespaces: 1
    Type
      Typename
        whitespaces: 1: bytes
  Rule
    Typename
      whitespaces: 1: signature
    Token: ASSIGN (=)
      whitespaces: 1
    Type
      Typename
        whitespaces: 1: bytes
  Rule
    Typename
      Token: COMMENT (COMMENT)
        whitespaces: 2
        literal: ; Attributes - at the moment we do not bother deserialising these, since they
      Token: COMMENT (COMMENT)
        whitespaces: 1
        literal: ; don't contain anything
      whitespaces: 2: attributes
    Token: ASSIGN (=)
      whitespaces: 1
    Type
      Map
        Token: LBRACE ({)
          whitespaces: 1
        Token: RBRACE (})
          whitespaces: 1
        GroupChoice
          GroupEntry
            Occurrence
              Token: ASTERISK (*)
                whitespaces: 1
            Memberkey
              Token: ARROWMAP (=>)
                whitespaces: 1
            Type
              Typename
                whitespaces: 1: any
  Rule
    Typename
      Token: COMMENT (COMMENT)
        whitespaces: 2
        literal: ; Addresses
      whitespaces: 3: addrdistr
    Token: ASSIGN (=)
      whitespaces: 1
    Type
      Array
        Token: LBRACK ([)
          whitespaces: 1
        Token: RBRACK (])
          whitespaces: 1
        Token: TCHOICE (/)
          whitespaces: 1
        GroupChoice
          GroupEntry
            Type
              Value (number): 1
      Array
        Token: LBRACK ([)
          whitespaces: 1
        Token: RBRACK (])
          whitespaces: 1
        GroupChoice
          GroupEntry
            Token: COMMA (,)
            Type
              Value (number): 0
          GroupEntry
            Type
              Typename
                whitespaces: 1: stakeholderid
  Rule
    Typename
      whitespaces: 3: addrtype
    Token: ASSIGN (=)
      whitespaces: 1
    Type
      ChoiceFrom
        whitespaces: 1
        Token: TCHOICE (/)
          whitespaces: 1 (&)
        Group
          Token: LPAREN (()
          Token: RPAREN ())
            whitespaces: 1
          GroupChoice
            GroupEntry
              Token: COMMA (,)
              Memberkey
                Token: COLON (:)
              Type
                Value (number): 0
            GroupEntry
              Token: COMMA (,)
              Memberkey
                Token: COLON (:)
              Type
                Value (number): 1
            GroupEntry
              Memberkey
                Token: COLON (:)
              Type
                Value (number): 2
      Type
        Token: LPAREN (()
          whitespaces: 1
        Token: RPAREN ())
        Operator
          Typename: u64
          Token: CTLOP (CTLOP)
            whitespaces: 1
            literal: gt
          Value (number): 2
  Rule
    Typename
      whitespaces: 2: addrattr
    Token: ASSIGN (=)
      whitespaces: 1
    Type
      Map
        Token: LBRACE ({)
          whitespaces: 1
        Token: RBRACE (})
          whitespaces: 1
        GroupChoice
          GroupEntry
            Token: COMMA (,)
            Occurrence
              Token: QUEST (?)
                whitespaces: 1
            Memberkey
              Token: COLON (:)
            Type
              Typename
                whitespaces: 1: addrdistr
          GroupEntry
            Occurrence
              Token: QUEST (?)
                whitespaces: 1
            Memberkey
              Token: COLON (:)
            Type
              Typename
                whitespaces: 1: bytes
  Rule
    Typename
      whitespaces: 2: address
    Token: ASSIGN (=)
      whitespaces: 1
    Type
      Array
        Token: LBRACK ([)
          whitespaces: 1
        Token: RBRACK (])
          whitespaces: 1
        GroupChoice
          GroupEntry
            Token: COMMA (,)
            Type
              Tag
                whitespaces: 1 (#)
                Token: FLOAT (FLOAT)
                  literal: 6.24
                Type
                  Token: LPAREN (()
                  Token: RPAREN ())
                  Operator
                    Typename: bytes
                    Token: CTLOP (CTLOP)
                      whitespaces: 1
                      literal: cbor
                    Type
                      Token: LPAREN (()
                        whitespaces: 1
                      Token: RPAREN ())
                      Array
                        Token: LBRACK ([)
                        Token: RBRACK (])
                          whitespaces: 1
                        GroupChoice
                          GroupEntry
                            Token: COMMA (,)
                            Type
                              Typename
                                whitespaces: 1: addressid
                          GroupEntry
                            Token: COMMA (,)
                            Type
                              Typename
                                whitespaces: 1: addrattr
                          GroupEntry
                            Type
                              Typename
                                whitespaces: 1: addrtype
          GroupEntry
            Type
              Typename
                whitespaces: 1: u64
  Rule
    Typename
      Token: COMMENT (COMMENT)
        whitespaces: 2
        literal: ; Transactions
      whitespaces: 2: txin
    Token: ASSIGN (=)
      whitespaces: 1
    Type
      Array
        Token: LBRACK ([)
          whitespaces: 1
        Token: RBRACK (])
          whitespaces: 1
        Token: TCHOICE (/)
          whitespaces: 1
        GroupChoice
          GroupEntry
            Token: COMMA (,)
            Type
              Value (number): 0
          GroupEntry
            Type
              Tag
                whitespaces: 1 (#)
                Token: FLOAT (FLOAT)
                  literal: 6.24
                Type
                  Token: LPAREN (()
                  Token: RPAREN ())
                  Operator
                    Typename: bytes
                    Token: CTLOP (CTLOP)
                      whitespaces: 1
                      literal: cbor
                    Type
                      Token: LPAREN (()
                        whitespaces: 1
                      Token: RPAREN ())
                      Array
                        Token: LBRACK ([)
                        Token: RBRACK (])
                          whitespaces: 1
                        GroupChoice
                          GroupEntry
                            Token: COMMA (,)
                            Type
                              Typename
                                whitespaces: 1: txid
                          GroupEntry
                            Type
                              Typename
                                whitespaces: 1: u32
      Array
        Token: LBRACK ([)
          whitespaces: 1
        Token: RBRACK (])
          whitespaces: 1
        GroupChoice
          GroupEntry
            Token: COMMA (,)
            Type
              Operator
                Typename
                  whitespaces: 1: u8
                Token: CTLOP (CTLOP)
                  whitespaces: 1
                  literal: ne
                Value (number): 0
          GroupEntry
            Type
              Typename
                whitespaces: 1: encoded-cbor
  Rule
    Typename
      whitespaces: 2: txout
    Token: ASSIGN (=)
      whitespaces: 1
    Type
      Array
        Token: LBRACK ([)
          whitespaces: 1
        Token: RBRACK (])
          whitespaces: 1
        GroupChoice
          GroupEntry
            Token: COMMA (,)
            Type
              Typename
                whitespaces: 1: address
          GroupEntry
            Type
              Typename
                whitespaces: 1: u64
  Rule
    Typename
      whitespaces: 2: tx
    Token: ASSIGN (=)
      whitespaces: 1
    Type
      Array
        Token: LBRACK ([)
          whitespaces: 1
        Token: RBRACK (])
          whitespaces: 1
        GroupChoice
          GroupEntry
            Token: COMMA (,)
            Type
              Array
                Token: LBRACK ([)
                  whitespaces: 1
                Token: RBRACK (])
                  whitespaces: 1
                GroupChoice
                  GroupEntry
                    Occurrence
                      Token: PLUS (+)
                        whitespaces: 1
                    Type
                      Typename
                        whitespaces: 1: txin
          GroupEntry
            Token: COMMA (,)
            Type
              Array
                Token: LBRACK ([)
                  whitespaces: 1
                Token: RBRACK (])
                  whitespaces: 1
                GroupChoice
                  GroupEntry
                    Occurrence
                      Token: PLUS (+)
                        whitespaces: 1
                    Type
                      Typename
                        whitespaces: 1: txout
          GroupEntry
            Type
              Typename
                whitespaces: 1: attributes
  Rule
    Typename
      whitespaces: 2: txproof
    Token: ASSIGN (=)
      whitespaces: 1
    Type
      Array
        Token: LBRACK ([)
          whitespaces: 1
        Token: RBRACK (])
          whitespaces: 1
        GroupChoice
          GroupEntry
            Token: COMMA (,)
            Type
              Typename
                whitespaces: 1: u32
          GroupEntry
            Token: COMMA (,)
            Type
              Typename
                whitespaces: 1: hash
          GroupEntry
            Type
              Typename
                whitespaces: 1: hash
  Rule
    Typename
      whitespaces: 2: twit
    Token: ASSIGN (=)
      whitespaces: 1
    Type
      Array
        Token: LBRACK ([)
          whitespaces: 1
        Token: RBRACK (])
          whitespaces: 1
        Token: TCHOICE (/)
          whitespaces: 2
        GroupChoice
          GroupEntry
            Token: COMMA (,)
            Type
              Value (number): 0
          GroupEntry
            Type
              Tag
                whitespaces: 1 (#)
                Token: FLOAT (FLOAT)
                  literal: 6.24
                Type
                  Token: LPAREN (()
                  Token: RPAREN ())
                  Operator
                    Typename: bytes
                    Token: CTLOP (CTLOP)
                      whitespaces: 1
                      literal: cbor
                    Type
                      Token: LPAREN (()
                        whitespaces: 1
                      Token: RPAREN ())
                      Array
                        Token: LBRACK ([)
                        Token: RBRACK (])
                          whitespaces: 1
                        GroupChoice
                          GroupEntry
                            Token: COMMA (,)
                            Type
                              Typename
                                whitespaces: 1: pubkey
                          GroupEntry
                            Type
                              Typename
                                whitespaces: 1: signature
      Array
        Token: LBRACK ([)
          whitespaces: 1
        Token: RBRACK (])
          whitespaces: 1
        Token: TCHOICE (/)
          whitespaces: 2
        GroupChoice
          GroupEntry
            Token: COMMA (,)
            Type
              Value (number): 1
          GroupEntry
            Type
              Tag
                whitespaces: 1 (#)
                Token: FLOAT (FLOAT)
                  literal: 6.24
                Type
                  Token: LPAREN (()
                  Token: RPAREN ())
                  Operator
                    Typename: bytes
                    Token: CTLOP (CTLOP)
                      whitespaces: 1
                      literal: cbor
                    Type
                      Token: LPAREN (()
                        whitespaces: 1
                      Token: RPAREN ())
                      Array
                        Token: LBRACK ([)
                        Token: RBRACK (])
                          whitespaces: 1
                        GroupChoice
                          GroupEntry
                            Token: COMMA (,)
                            Type
                              Array
                                Token: LBRACK ([)
                                  whitespaces: 1
                                Token: RBRACK (])
                                  whitespaces: 1
                                GroupChoice
                                  GroupEntry
                                    Token: COMMA (,)
                                    Type
                                      Typename
                                        whitespaces: 1: u16
                                  GroupEntry
                                    Type
                                      Typename
                                        whitespaces: 1: bytes
                          GroupEntry
                            Type
                              Array
                                Token: LBRACK ([)
                                  whitespaces: 1
                                Token: RBRACK (])
                                  whitespaces: 1
                                GroupChoice
                                  GroupEntry
                                    Token: COMMA (,)
                                    Type
                                      Typename
                                        whitespaces: 1: u16
                                  GroupEntry
                                    Type
                                      Typename
                                        whitespaces: 1: bytes
      Array
        Token: LBRACK ([)
          whitespaces: 1
        Token: RBRACK (])
          whitespaces: 1
        Token: TCHOICE (/)
          whitespaces: 2
        GroupChoice
          GroupEntry
            Token: COMMA (,)
            Type
              Value (number): 2
          GroupEntry
            Type
              Tag
                whitespaces: 1 (#)
                Token: FLOAT (FLOAT)
                  literal: 6.24
                Type
                  Token: LPAREN (()
                  Token: RPAREN ())
                  Operator
                    Typename: bytes
                    Token: CTLOP (CTLOP)
                      whitespaces: 1
                      literal: cbor
                    Type
                      Token: LPAREN (()
                        whitespaces: 1
                      Token: RPAREN ())
                      Array
                        Token: LBRACK ([)
                        Token: RBRACK (])
                          whitespaces: 1
                        GroupChoice
                          GroupEntry
                            Token: COMMA (,)
                            Type
                              Typename
                                whitespaces: 1: pubkey
                          GroupEntry
                            Type
                              Typename
                                whitespaces: 1: signature
      Array
        Token: LBRACK ([)
          whitespaces: 1
        Token: RBRACK (])
          whitespaces: 1
        GroupChoice
          GroupEntry
            Token: COMMA (,)
            Type
              Operator
                Typename
                  whitespaces: 1: u8
                Token: CTLOP (CTLOP)
                  whitespaces: 1
                  literal: gt
                Value (number): 2
          GroupEntry
            Type
              Typename
                whitespaces: 1: encoded-cbor
  Rule
    Typename
      Token: COMMENT (COMMENT)
        whitespaces: 2
        literal: ; Shared Seed Computation
      whitespaces: 2: vsspubkey
    Token: ASSIGN (=)
      whitespaces: 1
    Type
      Typename
        whitespaces: 1: bytes
  Rule
    Typename
      Token: COMMENT (COMMENT)
        whitespaces: 1
        literal: ; This is encoded using the 'Binary' instance
      Token: COMMENT (COMMENT)
        whitespaces: 1
        literal: ; for Scrape.PublicKey
      whitespaces: 1: vsssec
    Token: ASSIGN (=)
      whitespaces: 1
    Type
      Typename
        whitespaces: 1: bytes
  Rule
    Typename
      Token: COMMENT (COMMENT)
        whitespaces: 1
        literal: ; This is encoded using the 'Binary' instance
      Token: COMMENT (COMMENT)
        whitespaces: 1
        literal: ; for Scrape.Secret.
      whitespaces: 1: vssenc
    Token: ASSIGN (=)
      whitespaces: 1
    Type
      Array
        Token: LBRACK ([)
          whitespaces: 1
        Token: RBRACK (])
          whitespaces: 1
        GroupChoice
          GroupEntry
            Type
              Typename
                whitespaces: 1: bytes
  Rule
    Typename
      Token: COMMENT (COMMENT)
        whitespaces: 1
        literal: ; This is encoded using the 'Binary' instance
      Token: COMMENT (COMMENT)
        whitespaces: 1
        literal: ; for Scrape.EncryptedSi.
      Token: COMMENT (COMMENT)
        whitespaces: 1
        literal: ; TODO work out why this seems to be in a length 1 array
      whitespaces: 1: vssdec
    Token: ASSIGN (=)
      whitespaces: 1
    Type
      Typename
        whitespaces: 1: bytes
  Rule
    Typename
      Token: COMMENT (COMMENT)
        whitespaces: 1
        literal: ; This is encoded using the 'Binary' instance
      Token: COMMENT (COMMENT)
        whitespaces: 1
        literal: ; for Scrape.DecryptedShare
      whitespaces: 1: vssproof
    Token: ASSIGN (=)
      whitespaces: 1
    Type
      Array
        Token: LBRACK ([)
          whitespaces: 1
        Token: RBRACK (])
          whitespaces: 1
        GroupChoice
          GroupEntry
            Token: COMMA (,)
            Type
              Typename
                whitespaces: 2: bytes
          GroupEntry
            Token: COMMA (,)
            Type
              Typename
                whitespaces: 2: bytes
          GroupEntry
            Token: COMMA (,)
            Type
              Typename
                whitespaces: 2: bytes
          GroupEntry
            Type
              Array
                Token: LBRACK ([)
                  whitespaces: 2
                Token: RBRACK (])
                  whitespaces: 1
                GroupChoice
                  GroupEntry
                    Occurrence
                      Token: ASTERISK (*)
                        whitespaces: 1
                    Type
                      Typename
                        whitespaces: 1: bytes
  Rule
    Typename
      Token: COMMENT (COMMENT)
        whitespaces: 1
        literal: ; This is encoded using the
      Token: COMMENT (COMMENT)
        whitespaces: 1
        literal: ; 'Binary' instance for Scrape.Proof
      whitespaces: 2: ssccomm
    Token: ASSIGN (=)
      whitespaces: 1
    Type
      Array
        Token: LBRACK ([)
          whitespaces: 1
        Token: RBRACK (])
          whitespaces: 1
        GroupChoice
          GroupEntry
            Token: COMMA (,)
            Type
              Typename
                whitespaces: 1: pubkey
          GroupEntry
            Token: COMMA (,)
            Type
              Array
                Token: LBRACK ([)
                  whitespaces: 1
                Token: RBRACK (])
                  whitespaces: 1
                GroupChoice
                  GroupEntry
                    Token: COMMA (,)
                    Type
                      Map
                        Token: LBRACE ({)
                          whitespaces: 1
                        Token: RBRACE (})
                          whitespaces: 1
                        GroupChoice
                          GroupEntry
                            Memberkey
                              Token: ARROWMAP (=>)
                                whitespaces: 1
                            Type
                              Typename
                                whitespaces: 1: vssenc
                  GroupEntry
                    Type
                      Typename
                        whitespaces: 1: vssproof
          GroupEntry
            Type
              Typename
                whitespaces: 1: signature
  Rule
    Typename
      whitespaces: 2: ssccomms
    Token: ASSIGN (=)
      whitespaces: 1
    Type
      Tag
        whitespaces: 1 (#)
        Token: FLOAT (FLOAT)
          literal: 6.258
        Type
          Token: LPAREN (()
          Token: RPAREN ())
          Array
            Token: LBRACK ([)
            Token: RBRACK (])
              whitespaces: 1
            GroupChoice
              GroupEntry
                Occurrence
                  Token: ASTERISK (*)
                    whitespaces: 1
                Type
                  Typename
                    whitespaces: 1: ssccomm
  Rule
    Typename
      whitespaces: 2: sscopens
    Token: ASSIGN (=)
      whitespaces: 1
    Type
      Map
        Token: LBRACE ({)
          whitespaces: 1
        Token: RBRACE (})
          whitespaces: 1
        GroupChoice
          GroupEntry
            Memberkey
              Token: ARROWMAP (=>)
                whitespaces: 1
            Type
              Typename
                whitespaces: 1: vsssec
  Rule
    Typename
      whitespaces: 2: sscshares
    Token: ASSIGN (=)
      whitespaces: 1
    Type
      Map
        Token: LBRACE ({)
          whitespaces: 1
        Token: RBRACE (})
          whitespaces: 1
        GroupChoice
          GroupEntry
            Memberkey
              Token: ARROWMAP (=>)
                whitespaces: 1
            Type
              Array
                Token: LBRACK ([)
                  whitespaces: 1
                Token: RBRACK (])
                  whitespaces: 1
                GroupChoice
                  GroupEntry
                    Token: COMMA (,)
                    Type
                      Typename
                        whitespaces: 1: addressid
                  GroupEntry
                    Type
                      Array
                        Token: LBRACK ([)
                          whitespaces: 1
                        Token: RBRACK (])
                          whitespaces: 1
                        GroupChoice
                          GroupEntry
                            Occurrence
                              Token: ASTERISK (*)
                                whitespaces: 1
                            Type
                              Typename
                                whitespaces: 1: vssdec
  Rule
    Typename
      whitespaces: 2: ssccert
    Token: ASSIGN (=)
      whitespaces: 1
    Type
      Array
        Token: LBRACK ([)
          whitespaces: 1
        Token: RBRACK (])
          whitespaces: 1
        GroupChoice
          GroupEntry
            Token: COMMA (,)
            Type
              Typename
                whitespaces: 2: vsspubkey
          GroupEntry
            Token: COMMA (,)
            Type
              Typename
                whitespaces: 2: pubkey
          GroupEntry
            Token: COMMA (,)
            Type
              Typename
                whitespaces: 2: epochid
          GroupEntry
            Type
              Typename
                whitespaces: 2: signature
  Rule
    Typename
      whitespaces: 2: ssccerts
    Token: ASSIGN (=)
      whitespaces: 1
    Type
      Tag
        whitespaces: 1 (#)
        Token: FLOAT (FLOAT)
          literal: 6.258
        Type
          Token: LPAREN (()
          Token: RPAREN ())
          Array
            Token: LBRACK ([)
            Token: RBRACK (])
              whitespaces: 1
            GroupChoice
              GroupEntry
                Occurrence
                  Token: ASTERISK (*)
                    whitespaces: 1
                Type
                  Typename
                    whitespaces: 1: ssccert
  Rule
    Typename
      whitespaces: 2: ssc
    Token: ASSIGN (=)
      whitespaces: 1
    Type
      Array
        Token: LBRACK ([)
          whitespaces: 1
        Token: RBRACK (])
          whitespaces: 1
        Token: TCHOICE (/)
          whitespaces: 2
        GroupChoice
          GroupEntry
            Token: COMMA (,)
            Type
              Value (number): 0
          GroupEntry
            Token: COMMA (,)
            Type
              Typename
                whitespaces: 1: ssccomms
          GroupEntry
            Type
              Typename
                whitespaces: 1: ssccerts
      Array
        Token: LBRACK ([)
          whitespaces: 1
        Token: RBRACK (])
          whitespaces: 1
        Token: TCHOICE (/)
          whitespaces: 2
        GroupChoice
          GroupEntry
            Token: COMMA (,)
            Type
              Value (number): 1
          GroupEntry
            Token: COMMA (,)
            Type
              Typename
                whitespaces: 1: sscopens
          GroupEntry
            Type
              Typename
                whitespaces: 1: ssccerts
      Array
        Token: LBRACK ([)
          whitespaces: 1
        Token: RBRACK (])
          whitespaces: 1
        Token: TCHOICE (/)
          whitespaces: 2
        GroupChoice
          GroupEntry
            Token: COMMA (,)
            Type
              Value (number): 2
          GroupEntry
            Token: COMMA (,)
            Type
              Typename
                whitespaces: 1: sscshares
          GroupEntry
            Type
              Typename
                whitespaces: 1: ssccerts
      Array
        Token: LBRACK ([)
          whitespaces: 1
        Token: RBRACK (])
          whitespaces: 1
        GroupChoice
          GroupEntry
            Token: COMMA (,)
            Type
              Value (number): 3
          GroupEntry
            Type
              Typename
                whitespaces: 1: ssccerts
  Rule
    Typename
      whitespaces: 2: sscproof
    Token: ASSIGN (=)
      whitespaces: 1
    Type
      Array
        Token: LBRACK ([)
          whitespaces: 1
        Token: RBRACK (])
          whitespaces: 1
        Token: TCHOICE (/)
          whitespaces: 2
        GroupChoice
          GroupEntry
            Token: COMMA (,)
            Type
              Value (number): 0
          GroupEntry
            Token: COMMA (,)
            Type
              Typename
                whitespaces: 1: hash
          GroupEntry
            Type
              Typename
                whitespaces: 1: hash
      Array
        Token: LBRACK ([)
          whitespaces: 1
        Token: RBRACK (])
          whitespaces: 1
        Token: TCHOICE (/)
          whitespaces: 2
        GroupChoice
          GroupEntry
            Token: COMMA (,)
            Type
              Value (number): 1
          GroupEntry
            Token: COMMA (,)
            Type
              Typename
                whitespaces: 1: hash
          GroupEntry
            Type
              Typename
                whitespaces: 1: hash
      Array
        Token: LBRACK ([)
          whitespaces: 1
        Token: RBRACK (])
          whitespaces: 1
        Token: TCHOICE (/)
          whitespaces: 2
        GroupChoice
          GroupEntry
            Token: COMMA (,)
            Type
              Value (number): 2
          GroupEntry
            Token: COMMA (,)
            Type
              Typename
                whitespaces: 1: hash
          GroupEntry
            Type
              Typename
                whitespaces: 1: hash
      Array
        Token: LBRACK ([)
          whitespaces: 1
        Token: RBRACK (])
          whitespaces: 1
        GroupChoice
          GroupEntry
            Token: COMMA (,)
            Type
              Value (number): 3
          GroupEntry
            Type
              Typename
                whitespaces: 1: hash
  Rule
    Typename
      Token: COMMENT (COMMENT)
        whitespaces: 2
        literal: ; Delegation
      whitespaces: 2: dlg
    Token: ASSIGN (=)
      whitespaces: 1
    Type
      Array
        Token: LBRACK ([)
          whitespaces: 1
        Token: RBRACK (])
          whitespaces: 1
        GroupChoice
          GroupEntry
            Token: COMMA (,)
            Memberkey
              Token: COLON (:)
            Type
              Typename
                whitespaces: 1: epochid
          GroupEntry
            Token: COMMA (,)
            Memberkey
              Token: COLON (:)
            Type
              Typename
                whitespaces: 1: pubkey
          GroupEntry
            Token: COMMA (,)
            Memberkey
              Token: COLON (:)
            Type
              Typename
                whitespaces: 1: pubkey
          GroupEntry
            Memberkey
              Token: COLON (:)
            Type
              Typename
                whitespaces: 1: signature
  Rule
    Typename
      whitespaces: 2: dlgsig
    Token: ASSIGN (=)
      whitespaces: 1
    Type
      Array
        Token: LBRACK ([)
          whitespaces: 1
        Token: RBRACK (])
          whitespaces: 1
        GroupChoice
          GroupEntry
            Token: COMMA (,)
            Type
              Typename
                whitespaces: 1: dlg
          GroupEntry
            Type
              Typename
                whitespaces: 1: signature
  Rule
    Typename
      whitespaces: 2: lwdlg
    Token: ASSIGN (=)
      whitespaces: 1
    Type
      Array
        Token: LBRACK ([)
          whitespaces: 1
        Token: RBRACK (])
          whitespaces: 1
        GroupChoice
          GroupEntry
            Token: COMMA (,)
            Memberkey
              Token: COLON (:)
            Type
              Array
                Token: LBRACK ([)
                  whitespaces: 1
                Token: RBRACK (])
                  whitespaces: 1
                GroupChoice
                  GroupEntry
                    Token: COMMA (,)
                    Type
                      Typename
                        whitespaces: 1: epochid
                  GroupEntry
                    Type
                      Typename
                        whitespaces: 1: epochid
          GroupEntry
            Token: COMMA (,)
            Memberkey
              Token: COLON (:)
            Type
              Typename
                whitespaces: 1: pubkey
          GroupEntry
            Token: COMMA (,)
            Memberkey
              Token: COLON (:)
            Type
              Typename
                whitespaces: 1: pubkey
          GroupEntry
            Memberkey
              Token: COLON (:)
            Type
              Typename
                whitespaces: 1: signature
  Rule
    Typename
      whitespaces: 2: lwdlgsig
    Token: ASSIGN (=)
      whitespaces: 1
    Type
      Array
        Token: LBRACK ([)
          whitespaces: 1
        Token: RBRACK (])
          whitespaces: 1
        GroupChoice
          GroupEntry
            Token: COMMA (,)
            Type
              Typename
                whitespaces: 1: lwdlg
          GroupEntry
            Type
              Typename
                whitespaces: 1: signature
  Rule
    Typename
      Token: COMMENT (COMMENT)
        whitespaces: 2
        literal: ; Updates
      whitespaces: 2: bver
    Token: ASSIGN (=)
      whitespaces: 1
    Type
      Array
        Token: LBRACK ([)
          whitespaces: 1
        Token: RBRACK (])
          whitespaces: 1
        GroupChoice
          GroupEntry
            Token: COMMA (,)
            Type
              Typename
                whitespaces: 1: u16
          GroupEntry
            Token: COMMA (,)
            Type
              Typename
                whitespaces: 1: u16
          GroupEntry
            Type
              Typename
                whitespaces: 1: u8
  Rule
    Typename
      whitespaces: 2: txfeepol
    Token: ASSIGN (=)
      whitespaces: 1
    Type
      Array
        Token: LBRACK ([)
          whitespaces: 1
        Token: RBRACK (])
          whitespaces: 1
        Token: TCHOICE (/)
          whitespaces: 1
        GroupChoice
          GroupEntry
            Token: COMMA (,)
            Type
              Value (number): 0
          GroupEntry
            Type
              Tag
                whitespaces: 1 (#)
                Token: FLOAT (FLOAT)
                  literal: 6.24
                Type
                  Token: LPAREN (()
                  Token: RPAREN ())
                  Operator
                    Typename: bytes
                    Token: CTLOP (CTLOP)
                      whitespaces: 1
                      literal: cbor
                    Type
                      Token: LPAREN (()
                        whitespaces: 1
                      Token: RPAREN ())
                      Array
                        Token: LBRACK ([)
                        Token: RBRACK (])
                          whitespaces: 1
                        GroupChoice
                          GroupEntry
                            Token: COMMA (,)
                            Type
                              Typename
                                whitespaces: 1: bigint
                          GroupEntry
                            Type
                              Typename
                                whitespaces: 1: bigint
      Array
        Token: LBRACK ([)
          whitespaces: 1
        Token: RBRACK (])
          whitespaces: 1
        GroupChoice
          GroupEntry
            Token: COMMA (,)
            Type
              Operator
                Typename
                  whitespaces: 1: u8
                Token: CTLOP (CTLOP)
                  whitespaces: 1
                  literal: gt
                Value (number): 0
          GroupEntry
            Type
              Typename
                whitespaces: 1: encoded-cbor
  Rule
    Typename
      whitespaces: 2: bvermod
    Token: ASSIGN (=)
      whitespaces: 1
    Type
      Array
        Token: LBRACK ([)
          whitespaces: 1
        Token: RBRACK (])
          whitespaces: 1
        GroupChoice
          GroupEntry
            Token: COMMA (,)
            Memberkey
              Token: COLON (:)
            Type
              Array
                Token: LBRACK ([)
                  whitespaces: 1
                Token: RBRACK (])
                  whitespaces: 1
                GroupChoice
                  GroupEntry
                    Occurrence
                      Token: QUEST (?)
                        whitespaces: 1
                    Type
                      Typename
                        whitespaces: 1: u16
          GroupEntry
            Token: COMMA (,)
            Memberkey
              Token: COLON (:)
            Type
              Array
                Token: LBRACK ([)
                  whitespaces: 1
                Token: RBRACK (])
                  whitespaces: 1
                GroupChoice
                  GroupEntry
                    Occurrence
                      Token: QUEST (?)
                        whitespaces: 1
                    Type
                      Typename
                        whitespaces: 1: bigint
          GroupEntry
            Token: COMMA (,)
            Memberkey
              Token: COLON (:)
            Type
              Array
                Token: LBRACK ([)
                  whitespaces: 1
                Token: RBRACK (])
                  whitespaces: 1
                GroupChoice
                  GroupEntry
                    Occurrence
                      Token: QUEST (?)
                        whitespaces: 1
                    Type
                      Typename
                        whitespaces: 1: bigint
          GroupEntry
            Token: COMMA (,)
            Memberkey
              Token: COLON (:)
            Type
              Array
                Token: LBRACK ([)
                  whitespaces: 1
                Token: RBRACK (])
                  whitespaces: 1
                GroupChoice
                  GroupEntry
                    Occurrence
                      Token: QUEST (?)
                        whitespaces: 1
                    Type
                      Typename
                        whitespaces: 1: bigint
          GroupEntry
            Token: COMMA (,)
            Memberkey
              Token: COLON (:)
            Type
              Array
                Token: LBRACK ([)
                  whitespaces: 1
                Token: RBRACK (])
                  whitespaces: 1
                GroupChoice
                  GroupEntry
                    Occurrence
                      Token: QUEST (?)
                        whitespaces: 1
                    Type
                      Typename
                        whitespaces: 1: bigint
          GroupEntry
            Token: COMMA (,)
            Memberkey
              Token: COLON (:)
            Type
              Array
                Token: LBRACK ([)
                  whitespaces: 1
                Token: RBRACK (])
                  whitespaces: 1
                GroupChoice
                  GroupEntry
                    Occurrence
                      Token: QUEST (?)
                        whitespaces: 1
                    Type
                      Typename
                        whitespaces: 1: bigint
          GroupEntry
            Token: COMMA (,)
            Memberkey
              Token: COLON (:)
            Type
              Array
                Token: LBRACK ([)
                  whitespaces: 1
                Token: RBRACK (])
                  whitespaces: 1
                GroupChoice
                  GroupEntry
                    Occurrence
                      Token: QUEST (?)
                        whitespaces: 1
                    Type
                      Typename
                        whitespaces: 1: u64
          GroupEntry
            Token: COMMA (,)
            Memberkey
              Token: COLON (:)
            Type
              Array
                Token: LBRACK ([)
                  whitespaces: 1
                Token: RBRACK (])
                  whitespaces: 1
                GroupChoice
                  GroupEntry
                    Occurrence
                      Token: QUEST (?)
                        whitespaces: 1
                    Type
                      Typename
                        whitespaces: 1: u64
          GroupEntry
            Token: COMMA (,)
            Memberkey
              Token: COLON (:)
            Type
              Array
                Token: LBRACK ([)
                  whitespaces: 1
                Token: RBRACK (])
                  whitespaces: 1
                GroupChoice
                  GroupEntry
                    Occurrence
                      Token: QUEST (?)
                        whitespaces: 1
                    Type
                      Typename
                        whitespaces: 1: u64
          GroupEntry
            Token: COMMA (,)
            Memberkey
              Token: COLON (:)
            Type
              Array
                Token: LBRACK ([)
                  whitespaces: 1
                Token: RBRACK (])
                  whitespaces: 1
                GroupChoice
                  GroupEntry
                    Occurrence
                      Token: QUEST (?)
                        whitespaces: 1
                    Type
                      Typename
                        whitespaces: 1: u64
          GroupEntry
            Token: COMMA (,)
            Memberkey
              Token: COLON (:)
            Type
              Array
                Token: LBRACK ([)
                  whitespaces: 1
                Token: RBRACK (])
                  whitespaces: 1
                GroupChoice
                  GroupEntry
                    Occurrence
                      Token: QUEST (?)
                        whitespaces: 1
                    Type
                      Typename
                        whitespaces: 1: u64
          GroupEntry
            Token: COMMA (,)
            Memberkey
              Token: COLON (:)
            Type
              Array
                Token: LBRACK ([)
                  whitespaces: 1
                Token: RBRACK (])
                  whitespaces: 1
                GroupChoice
                  GroupEntry
                    Occurrence
                      Token: QUEST (?)
                        whitespaces: 1
                    Type
                      Array
                        Token: LBRACK ([)
                          whitespaces: 1
                        Token: RBRACK (])
                          whitespaces: 1
                        GroupChoice
                          GroupEntry
                            Token: COMMA (,)
                            Type
                              Typename
                                whitespaces: 1: u64
                          GroupEntry
                            Token: COMMA (,)
                            Type
                              Typename
                                whitespaces: 1: u64
                          GroupEntry
                            Type
                              Typename
                                whitespaces: 1: u64
          GroupEntry
            Token: COMMA (,)
            Memberkey
              Token: COLON (:)
            Type
              Array
                Token: LBRACK ([)
                  whitespaces: 1
                Token: RBRACK (])
                  whitespaces: 1
                GroupChoice
                  GroupEntry
                    Occurrence
                      Token: QUEST (?)
                        whitespaces: 1
                    Type
                      Typename
                        whitespaces: 1: txfeepol
          GroupEntry
            Memberkey
              Token: COLON (:)
            Type
              Array
                Token: LBRACK ([)
                  whitespaces: 1
                Token: RBRACK (])
                  whitespaces: 1
                GroupChoice
                  GroupEntry
                    Occurrence
                      Token: QUEST (?)
                        whitespaces: 1
                    Type
                      Typename
                        whitespaces: 1: epochid
  Rule
    Typename
      whitespaces: 2: updata
    Token: ASSIGN (=)
      whitespaces: 1
    Type
      Array
        Token: LBRACK ([)
          whitespaces: 1
        Token: RBRACK (])
          whitespaces: 1
        GroupChoice
          GroupEntry
            Token: COMMA (,)
            Type
              Typename
                whitespaces: 2: hash
          GroupEntry
            Token: COMMA (,)
            Type
              Typename
                whitespaces: 2: hash
          GroupEntry
            Token: COMMA (,)
            Type
              Typename
                whitespaces: 2: hash
          GroupEntry
            Type
              Typename
                whitespaces: 2: hash
  Rule
    Typename
      whitespaces: 2: upprop
    Token: ASSIGN (=)
      whitespaces: 1
    Type
      Array
        Token: LBRACK ([)
          whitespaces: 1
        Token: RBRACK (])
          whitespaces: 1
        GroupChoice
          GroupEntry
            Token: COMMA (,)
            Memberkey
              Token: COLON (:)
            Type
              Typename
                whitespaces: 1: bver
          GroupEntry
            Token: COMMA (,)
            Memberkey
              Token: COLON (:)
            Type
              Typename
                whitespaces: 1: bvermod
          GroupEntry
            Token: COMMA (,)
            Memberkey
              Token: COLON (:)
            Type
              Array
                Token: LBRACK ([)
                  whitespaces: 1
                Token: RBRACK (])
                  whitespaces: 1
                GroupChoice
                  GroupEntry
                    Token: COMMA (,)
                    Type
                      Typename
                        whitespaces: 1: text
                  GroupEntry
                    Type
                      Typename
                        whitespaces: 1: u32
          GroupEntry
            Token: COMMA (,)
            Memberkey
              Token: COLON (:)
            Type
              Tag
                whitespaces: 1 (#)
                Token: FLOAT (FLOAT)
                  literal: 6.258
                Type
                  Token: LPAREN (()
                  Token: RPAREN ())
                  Array
                    Token: LBRACK ([)
                    Token: RBRACK (])
                      whitespaces: 1
                    GroupChoice
                      GroupEntry
                        Token: COMMA (,)
                        Type
                          Typename
                            whitespaces: 1: text
                      GroupEntry
                        Type
                          Typename
                            whitespaces: 1: updata
          GroupEntry
            Token: COMMA (,)
            Memberkey
              Token: COLON (:)
            Type
              Typename
                whitespaces: 1: attributes
          GroupEntry
            Token: COMMA (,)
            Memberkey
              Token: COLON (:)
            Type
              Typename
                whitespaces: 1: pubkey
          GroupEntry
            Memberkey
              Token: COLON (:)
            Type
              Typename
                whitespaces: 1: signature
  Rule
    Typename
      whitespaces: 2: upvote
    Token: ASSIGN (=)
      whitespaces: 1
    Type
      Array
        Token: LBRACK ([)
          whitespaces: 1
        Token: RBRACK (])
          whitespaces: 1
        GroupChoice
          GroupEntry
            Token: COMMA (,)
            Memberkey
              Token: COLON (:)
            Type
              Typename
                whitespaces: 1: pubkey
          GroupEntry
            Token: COMMA (,)
            Memberkey
              Token: COLON (:)
            Type
              Typename
                whitespaces: 1: updid
          GroupEntry
            Token: COMMA (,)
            Memberkey
              Token: COLON (:)
            Type
              Typename
                whitespaces: 1: bool
          GroupEntry
            Memberkey
              Token: COLON (:)
            Type
              Typename
                whitespaces: 1: signature
  Rule
    Typename
      whitespaces: 2: up
    Token: ASSIGN (=)
      whitespaces: 1
    Type
      Array
        Token: LBRACK ([)
          whitespaces: 1
        Token: RBRACK (])
          whitespaces: 1
        GroupChoice
          GroupEntry
            Token: COMMA (,)
            Memberkey
              Token: COLON (:)
            Type
              Array
                Token: LBRACK ([)
                  whitespaces: 1
                Token: RBRACK (])
                  whitespaces: 1
                GroupChoice
                  GroupEntry
                    Occurrence
                      Token: QUEST (?)
                        whitespaces: 1
                    Type
                      Typename
                        whitespaces: 1: upprop
          GroupEntry
            Memberkey
              Token: COLON (:)
            Type
              Array
                Token: LBRACK ([)
                  whitespaces: 1
                Token: RBRACK (])
                  whitespaces: 1
                GroupChoice
                  GroupEntry
                    Occurrence
                      Token: ASTERISK (*)
                        whitespaces: 1
                    Type
                      Typename
                        whitespaces: 1: upvote
  Rule
    Typename
      Token: COMMENT (COMMENT)
        whitespaces: 2
        literal: ; Blocks
      whitespaces: 2: difficulty
    Token: ASSIGN (=)
      whitespaces: 1
    Type
      Array
        Token: LBRACK ([)
          whitespaces: 1
        Token: RBRACK (])
          whitespaces: 1
        GroupChoice
          GroupEntry
            Type
              Typename
                whitespaces: 1: u64
  Rule
    Typename
      whitespaces: 2: blocksig
    Token: ASSIGN (=)
      whitespaces: 1
    Type
      Array
        Token: LBRACK ([)
          whitespaces: 1
        Token: RBRACK (])
          whitespaces: 1
        Token: TCHOICE (/)
          whitespaces: 2
        GroupChoice
          GroupEntry
            Token: COMMA (,)
            Type
              Value (number): 0
          GroupEntry
            Type
              Typename
                whitespaces: 1: signature
      Array
        Token: LBRACK ([)
          whitespaces: 1
        Token: RBRACK (])
          whitespaces: 1
        Token: TCHOICE (/)
          whitespaces: 2
        GroupChoice
          GroupEntry
            Token: COMMA (,)
            Type
              Value (number): 1
          GroupEntry
            Type
              Typename
                whitespaces: 1: lwdlgsig
      Array
        Token: LBRACK ([)
          whitespaces: 1
        Token: RBRACK (])
          whitespaces: 1
        GroupChoice
          GroupEntry
            Token: COMMA (,)
            Type
              Value (number): 2
          GroupEntry
            Type
              Typename
                whitespaces: 1: dlgsig
  Rule
    Typename
      whitespaces: 2: blockcons
    Token: ASSIGN (=)
      whitespaces: 1
    Type
      Array
        Token: LBRACK ([)
          whitespaces: 1
        Token: RBRACK (])
          whitespaces: 1
        GroupChoice
          GroupEntry
            Token: COMMA (,)
            Type
              Typename
                whitespaces: 2: slotid
          GroupEntry
            Token: COMMA (,)
            Type
              Typename
                whitespaces: 2: pubkey
          GroupEntry
            Token: COMMA (,)
            Type
              Typename
                whitespaces: 2: difficulty
          GroupEntry
            Type
              Typename
                whitespaces: 2: blocksig
  Rule
    Typename
      whitespaces: 2: blockheadex
    Token: ASSIGN (=)
      whitespaces: 1
    Type
      Array
        Token: LBRACK ([)
          whitespaces: 1
        Token: RBRACK (])
          whitespaces: 1
        GroupChoice
          GroupEntry
            Token: COMMA (,)
            Memberkey
              Token: COLON (:)
            Type
              Typename
                whitespaces: 1: bver
          GroupEntry
            Token: COMMA (,)
            Memberkey
              Token: COLON (:)
            Type
              Array
                Token: LBRACK ([)
                  whitespaces: 1
                Token: RBRACK (])
                  whitespaces: 1
                GroupChoice
                  GroupEntry
                    Token: COMMA (,)
                    Type
                      Typename
                        whitespaces: 1: text
                  GroupEntry
                    Type
                      Typename
                        whitespaces: 1: u32
          GroupEntry
            Token: COMMA (,)
            Memberkey
              Token: COLON (:)
            Type
              Typename
                whitespaces: 1: attributes
          GroupEntry
            Memberkey
              Token: COLON (:)
            Type
              Typename
                whitespaces: 1: hash
  Rule
    Typename
      whitespaces: 2: blockproof
    Token: ASSIGN (=)
      whitespaces: 1
    Type
      Array
        Token: LBRACK ([)
          whitespaces: 1
        Token: RBRACK (])
          whitespaces: 1
        GroupChoice
          GroupEntry
            Token: COMMA (,)
            Memberkey
              Token: COLON (:)
            Type
              Typename
                whitespaces: 1: txproof
          GroupEntry
            Token: COMMA (,)
            Memberkey
              Token: COLON (:)
            Type
              Typename
                whitespaces: 1: sscproof
          GroupEntry
            Token: COMMA (,)
            Memberkey
              Token: COLON (:)
            Type
              Typename
                whitespaces: 1: hash
          GroupEntry
            Memberkey
              Token: COLON (:)
            Type
              Typename
                whitespaces: 1: hash
  Rule
    Typename
      whitespaces: 2: blockhead
    Token: ASSIGN (=)
      whitespaces: 1
    Type
      Array
        Token: LBRACK ([)
          whitespaces: 1
        Token: RBRACK (])
          whitespaces: 1
        GroupChoice
          GroupEntry
            Token: COMMA (,)
            Memberkey
              Token: COLON (:)
            Type
              Typename
                whitespaces: 1: u32
          GroupEntry
            Token: COMMA (,)
            Memberkey
              Token: COLON (:)
            Type
              Typename
                whitespaces: 1: blockid
          GroupEntry
            Token: COMMA (,)
            Memberkey
              Token: COLON (:)
            Type
              Typename
                whitespaces: 1: blockproof
          GroupEntry
            Token: COMMA (,)
            Memberkey
              Token: COLON (:)
            Type
              Typename
                whitespaces: 1: blockcons
          GroupEntry
            Memberkey
              Token: COLON (:)
            Type
              Typename
                whitespaces: 1: blockheadex
  Rule
    Typename
      whitespaces: 2: blockbody
    Token: ASSIGN (=)
      whitespaces: 1
    Type
      Array
        Token: LBRACK ([)
          whitespaces: 1
        Token: RBRACK (])
          whitespaces: 1
        GroupChoice
          GroupEntry
            Token: COMMA (,)
            Memberkey
              Token: COLON (:)
            Type
              Array
                Token: LBRACK ([)
                  whitespaces: 1
                Token: RBRACK (])
                  whitespaces: 1
                GroupChoice
                  GroupEntry
                    Occurrence
                      Token: ASTERISK (*)
                        whitespaces: 1
                    Type
                      Array
                        Token: LBRACK ([)
                          whitespaces: 1
                        Token: RBRACK (])
                          whitespaces: 1
                        GroupChoice
                          GroupEntry
                            Token: COMMA (,)
                            Type
                              Typename
                                whitespaces: 1: tx
                          GroupEntry
                            Type
                              Array
                                Token: LBRACK ([)
                                  whitespaces: 1
                                Token: RBRACK (])
                                  whitespaces: 1
                                GroupChoice
                                  GroupEntry
                                    Occurrence
                                      Token: ASTERISK (*)
                                        whitespaces: 1
                                    Type
                                      Typename
                                        whitespaces: 1: twit
          GroupEntry
            Token: COMMA (,)
            Memberkey
              Token: COLON (:)
            Type
              Typename
                whitespaces: 1: ssc
          GroupEntry
            Token: COMMA (,)
            Memberkey
              Token: COLON (:)
            Type
              Array
                Token: LBRACK ([)
                  whitespaces: 1
                Token: RBRACK (])
                  whitespaces: 1
                GroupChoice
                  GroupEntry
                    Occurrence
                      Token: ASTERISK (*)
                        whitespaces: 1
                    Type
                      Typename
                        whitespaces: 1: dlg
          GroupEntry
            Memberkey
              Token: COLON (:)
            Type
              Typename
                whitespaces: 1: up
  Rule
    Typename
      Token: COMMENT (COMMENT)
        whitespaces: 2
        literal: ; Epoch Boundary Blocks
      whitespaces: 2: ebbcons
    Token: ASSIGN (=)
      whitespaces: 1
    Type
      Array
        Token: LBRACK ([)
          whitespaces: 1
        Token: RBRACK (])
          whitespaces: 1
        GroupChoice
          GroupEntry
            Token: COMMA (,)
            Type
              Typename
                whitespaces: 1: epochid
          GroupEntry
            Type
              Typename
                whitespaces: 1: difficulty
  Rule
    Typename
      whitespaces: 2: ebbhead
    Token: ASSIGN (=)
      whitespaces: 1
    Type
      Array
        Token: LBRACK ([)
          whitespaces: 1
        Token: RBRACK (])
          whitespaces: 1
        GroupChoice
          GroupEntry
            Token: COMMA (,)
            Memberkey
              Token: COLON (:)
            Type
              Typename
                whitespaces: 1: u32
          GroupEntry
            Token: COMMA (,)
            Memberkey
              Token: COLON (:)
            Type
              Typename
                whitespaces: 1: blockid
          GroupEntry
            Token: COMMA (,)
            Memberkey
              Token: COLON (:)
            Type
              Typename
                whitespaces: 1: hash
          GroupEntry
            Token: COMMA (,)
            Memberkey
              Token: COLON (:)
            Type
              Typename
                whitespaces: 1: ebbcons
          GroupEntry
            Memberkey
              Token: COLON (:)
            Type
              Array
                Token: LBRACK ([)
                  whitespaces: 1
                Token: RBRACK (])
                  whitespaces: 1
                GroupChoice
                  GroupEntry
                    Type
                      Typename
                        whitespaces: 1: attributes