[Rule(name=Typename(name='helloworld', unwrapped=None, parameters=None),
      assign=Token(type=<Tokens.ASSIGN: '='>,
                   literal='',
                   comments=[],
                   whitespace=' '),
      type=Type(types=[Value(value='hello world', type='bytes')])),
 Rule(name=Typename(name='hellohex', unwrapped=None, parameters=None),
      assign=Token(type=<Tokens.ASSIGN: '='>,
                   literal='',
                   comments=[],
                   whitespace=' '),
      type=Type(types=[Value(value='68656c6c6f20776f726c64', type='hex')])),
 Rule(name=Typename(name='foobar', unwrapped=None, parameters=None),
      assign=Token(type=<Tokens.ASSIGN: '='>,
                   literal='',
                   comments=[],
                   whitespace=' '),
      type=Type(types=[Value(value='Zm9vYmFy', type='base64')])),
 Rule(name=Typename(name='blah', unwrapped=None, parameters=None),
      assign=Token(type=<Tokens.ASSIGN: '='>,
                   literal='',
                   comments=[],
                   whitespace=' '),
      type=GroupEntry(occurrence=None,
                      key=None,
                      type=Type(types=[Typename(name='b64blah',
                                                unwrapped=None,
                                                parameters=None)])))]