[Rule(name='helloworld',
      isChoiceAddition=False,
      type=GroupEntry(occurrence=Occurrence(n=1, m=1),
                      key=None,
                      type=Type(types=[Value(value='hello world',
                                             type='bytes')]))),
 Rule(name='hellohex',
      isChoiceAddition=False,
      type=GroupEntry(occurrence=Occurrence(n=1, m=1),
                      key=None,
                      type=Type(types=[Value(value='68656c6c6f20776f726c64',
                                             type='hex')]))),
 Rule(name='foobar',
      isChoiceAddition=False,
      type=GroupEntry(occurrence=Occurrence(n=1, m=1),
                      key=None,
                      type=Type(types=[Value(value='Zm9vYmFy', type='base64')]))),
 Rule(name='blah',
      isChoiceAddition=False,
      type=GroupEntry(occurrence=Occurrence(n=1, m=1),
                      key=None,
                      type=Type(types=[Typename(name='b64blah',
                                                unwrapped=False)])))]