CDDLTree
  Token: EOF (EOF)
    Token: COMMENT (COMMENT)
      whitespaces: 1
      literal: ; some g
  Rule
    Typename
      Token: COMMENT (COMMENT)
        literal: ; This is a comment
      whitespaces: 1: person
    Token: ASSIGN (=)
      whitespaces: 1
    Type
      Map
        Token: LBRACE ({)
          whitespaces: 1
        Token: RBRACE (})
          whitespaces: 1
          Token: COMMENT (COMMENT)
            whitespaces: 1
            literal: ; a good employer
        GroupChoice
          GroupEntry
            Memberkey
              Token: COLON (:)
            Type
              Typename
                whitespaces: 1: tstr
  Rule
    Typename
      Token: COMMENT (COMMENT)
        whitespaces: 1
        literal: ; foobar
      Token: COMMENT (COMMENT)
        whitespaces: 2
        literal: ; This is another
      Token: COMMENT (COMMENT)
        whitespaces: 1
        literal: ; very nice comment
      whitespaces: 2: foo
    Token: ASSIGN (=)
      whitespaces: 1
    Type
      Map
        Token: LBRACE ({)
          whitespaces: 1
        Token: RBRACE (})
          whitespaces: 1
        GroupChoice
          GroupEntry
            Type
              Typename
                whitespaces: 1: bar
  Rule
    Typename
      Token: COMMENT (COMMENT)
        whitespaces: 1
        literal: ; some comment
      Token: COMMENT (COMMENT)
        whitespaces: 1
        literal: ; another comment
      whitespaces: 2: som
    Token: ASSIGN (=)
      whitespaces: 1
    Type
      Map
        Token: LBRACE ({)
          whitespaces: 1
        Token: RBRACE (})
          whitespaces: 1
        GroupChoice
          GroupEntry
            Type
              Typename
                whitespaces: 1: g