[Rule(name=Typename(name='person', unwrapped=False, parameters=None),
      isChoiceAddition=False,
      type=GroupEntry(occurrence=Occurrence(n=1, m=1),
                      key=None,
                      type=Type(types=[Group(groupChoices=[GroupChoice(groupEntries=[GroupEntry(occurrence=Occurrence(n=1,
                                                                                                                      m=1),
                                                                                                key=None,
                                                                                                type=Type(types=[Typename(name='identity',
                                                                                                                          unwrapped=False,
                                                                                                                          parameters=None)])),
                                                                                     GroupEntry(occurrence=Occurrence(n=1,
                                                                                                                      m=1),
                                                                                                key=Memberkey(type=Typename(name='employer',
                                                                                                                            unwrapped=False,
                                                                                                                            parameters=None),
                                                                                                              hasCut=True),
                                                                                                type=Type(types=[Typename(name='tstr',
                                                                                                                          unwrapped=False,
                                                                                                                          parameters=None)]))])],
                                             isMap=True)]))),
 Rule(name=Typename(name='dog', unwrapped=False, parameters=None),
      isChoiceAddition=False,
      type=GroupEntry(occurrence=Occurrence(n=1, m=1),
                      key=None,
                      type=Type(types=[Group(groupChoices=[GroupChoice(groupEntries=[GroupEntry(occurrence=Occurrence(n=1,
                                                                                                                      m=1),
                                                                                                key=None,
                                                                                                type=Type(types=[Typename(name='identity',
                                                                                                                          unwrapped=False,
                                                                                                                          parameters=None)])),
                                                                                     GroupEntry(occurrence=Occurrence(n=1,
                                                                                                                      m=1),
                                                                                                key=Memberkey(type=Typename(name='leash-length',
                                                                                                                            unwrapped=False,
                                                                                                                            parameters=None),
                                                                                                              hasCut=True),
                                                                                                type=Type(types=[Typename(name='float',
                                                                                                                          unwrapped=False,
                                                                                                                          parameters=None)]))])],
                                             isMap=True)]))),
 Rule(name=Typename(name='identity', unwrapped=False, parameters=None),
      isChoiceAddition=False,
      type=GroupEntry(occurrence=Occurrence(n=1, m=1),
                      key=None,
                      type=Type(types=[Group(groupChoices=[GroupChoice(groupEntries=[GroupEntry(occurrence=Occurrence(n=1,
                                                                                                                      m=1),
                                                                                                key=Memberkey(type=Typename(name='age',
                                                                                                                            unwrapped=False,
                                                                                                                            parameters=None),
                                                                                                              hasCut=True),
                                                                                                type=Type(types=[Typename(name='int',
                                                                                                                          unwrapped=False,
                                                                                                                          parameters=None)])),
                                                                                     GroupEntry(occurrence=Occurrence(n=1,
                                                                                                                      m=1),
                                                                                                key=Memberkey(type=Typename(name='name',
                                                                                                                            unwrapped=False,
                                                                                                                            parameters=None),
                                                                                                              hasCut=True),
                                                                                                type=Type(types=[Typename(name='tstr',
                                                                                                                          unwrapped=False,
                                                                                                                          parameters=None)]))])],
                                             isMap=False)]))),
 Rule(name=Typename(name='Geography', unwrapped=False, parameters=None),
      isChoiceAddition=False,
      type=GroupEntry(occurrence=Occurrence(n=1, m=1),
                      key=None,
                      type=Type(types=[Array(groupChoices=[GroupChoice(groupEntries=[GroupEntry(occurrence=Occurrence(n=1,
                                                                                                                      m=1),
                                                                                                key=Memberkey(type=Typename(name='city',
                                                                                                                            unwrapped=False,
                                                                                                                            parameters=None),
                                                                                                              hasCut=True),
                                                                                                type=Type(types=[Typename(name='tstr',
                                                                                                                          unwrapped=False,
                                                                                                                          parameters=None)])),
                                                                                     GroupEntry(occurrence=Occurrence(n=1,
                                                                                                                      m=1),
                                                                                                key=Memberkey(type=Typename(name='gpsCoordinates',
                                                                                                                            unwrapped=False,
                                                                                                                            parameters=None),
                                                                                                              hasCut=True),
                                                                                                type=Type(types=[Typename(name='GpsCoordinates',
                                                                                                                          unwrapped=False,
                                                                                                                          parameters=None)]))])])]))),
 Rule(name=Typename(name='GpsCoordinates', unwrapped=False, parameters=None),
      isChoiceAddition=False,
      type=GroupEntry(occurrence=Occurrence(n=1, m=1),
                      key=None,
                      type=Type(types=[Group(groupChoices=[GroupChoice(groupEntries=[GroupEntry(occurrence=Occurrence(n=1,
                                                                                                                      m=1),
                                                                                                key=Memberkey(type=Typename(name='longitude',
                                                                                                                            unwrapped=False,
                                                                                                                            parameters=None),
                                                                                                              hasCut=True),
                                                                                                type=Type(types=[Typename(name='uint',
                                                                                                                          unwrapped=False,
                                                                                                                          parameters=None)])),
                                                                                     GroupEntry(occurrence=Occurrence(n=1,
                                                                                                                      m=1),
                                                                                                key=Memberkey(type=Typename(name='latitude',
                                                                                                                            unwrapped=False,
                                                                                                                            parameters=None),
                                                                                                              hasCut=True),
                                                                                                type=Type(types=[Typename(name='uint',
                                                                                                                          unwrapped=False,
                                                                                                                          parameters=None)]))])],
                                             isMap=True)]))),
 Rule(name=Typename(name='located-samples', unwrapped=False, parameters=None),
      isChoiceAddition=False,
      type=GroupEntry(occurrence=Occurrence(n=1, m=1),
                      key=None,
                      type=Type(types=[Group(groupChoices=[GroupChoice(groupEntries=[GroupEntry(occurrence=Occurrence(n=1,
                                                                                                                      m=1),
                                                                                                key=Memberkey(type=Value(value='sample-point',
                                                                                                                         type='text'),
                                                                                                              hasCut=False),
                                                                                                type=Type(types=[Typename(name='int',
                                                                                                                          unwrapped=False,
                                                                                                                          parameters=None)])),
                                                                                     GroupEntry(occurrence=Occurrence(n=1,
                                                                                                                      m=1),
                                                                                                key=Memberkey(type=Value(value='samples',
                                                                                                                         type='text'),
                                                                                                              hasCut=False),
                                                                                                type=Type(types=[Array(groupChoices=[GroupChoice(groupEntries=[GroupEntry(occurrence=Occurrence(n=1,
                                                                                                                                                                                                m=inf),
                                                                                                                                                                          key=None,
                                                                                                                                                                          type=Type(types=[Typename(name='float',
                                                                                                                                                                                                    unwrapped=False,
                                                                                                                                                                                                    parameters=None)]))])])]))])],
                                             isMap=True)]))),
 Rule(name=Typename(name='extensible-map-example',
                    unwrapped=False,
                    parameters=None),
      isChoiceAddition=False,
      type=GroupEntry(occurrence=Occurrence(n=1, m=1),
                      key=None,
                      type=Type(types=[Group(groupChoices=[GroupChoice(groupEntries=[GroupEntry(occurrence=Occurrence(n=0,
                                                                                                                      m=inf),
                                                                                                key=Memberkey(type=Value(value='optional-key',
                                                                                                                         type='text'),
                                                                                                              hasCut=True),
                                                                                                type=Type(types=[Typename(name='int',
                                                                                                                          unwrapped=False,
                                                                                                                          parameters=None)])),
                                                                                     GroupEntry(occurrence=Occurrence(n=0,
                                                                                                                      m=inf),
                                                                                                key=Memberkey(type=Value(value='optional-key2',
                                                                                                                         type='text'),
                                                                                                              hasCut=True),
                                                                                                type=Type(types=[Typename(name='int',
                                                                                                                          unwrapped=False,
                                                                                                                          parameters=None)])),
                                                                                     GroupEntry(occurrence=Occurrence(n=0,
                                                                                                                      m=inf),
                                                                                                key=Memberkey(type=Typename(name='optional-key3',
                                                                                                                            unwrapped=False,
                                                                                                                            parameters=None),
                                                                                                              hasCut=True),
                                                                                                type=Type(types=[Typename(name='int',
                                                                                                                          unwrapped=False,
                                                                                                                          parameters=None)])),
                                                                                     GroupEntry(occurrence=Occurrence(n=0,
                                                                                                                      m=inf),
                                                                                                key=Memberkey(type=Typename(name='tstr',
                                                                                                                            unwrapped=False,
                                                                                                                            parameters=None),
                                                                                                              hasCut=False),
                                                                                                type=Type(types=[Typename(name='any',
                                                                                                                          unwrapped=False,
                                                                                                                          parameters=None)]))])],
                                             isMap=True)]))),
 Rule(name=Typename(name='personWithoutComment',
                    unwrapped=False,
                    parameters=None),
      isChoiceAddition=False,
      type=GroupEntry(occurrence=Occurrence(n=1, m=1),
                      key=None,
                      type=Type(types=[Group(groupChoices=[GroupChoice(groupEntries=[GroupEntry(occurrence=Occurrence(n=1,
                                                                                                                      m=1),
                                                                                                key=None,
                                                                                                type=Type(types=[Typename(name='identity',
                                                                                                                          unwrapped=False,
                                                                                                                          parameters=None)])),
                                                                                     GroupEntry(occurrence=Occurrence(n=1,
                                                                                                                      m=1),
                                                                                                key=Memberkey(type=Typename(name='employer',
                                                                                                                            unwrapped=False,
                                                                                                                            parameters=None),
                                                                                                              hasCut=True),
                                                                                                type=Type(types=[Typename(name='tstr',
                                                                                                                          unwrapped=False,
                                                                                                                          parameters=None)]))])],
                                             isMap=True)]))),
 Rule(name=Typename(name='dogWithoutComment', unwrapped=False, parameters=None),
      isChoiceAddition=False,
      type=GroupEntry(occurrence=Occurrence(n=1, m=1),
                      key=None,
                      type=Type(types=[Group(groupChoices=[GroupChoice(groupEntries=[GroupEntry(occurrence=Occurrence(n=1,
                                                                                                                      m=1),
                                                                                                key=None,
                                                                                                type=Type(types=[Typename(name='identity',
                                                                                                                          unwrapped=False,
                                                                                                                          parameters=None)])),
                                                                                     GroupEntry(occurrence=Occurrence(n=1,
                                                                                                                      m=1),
                                                                                                key=Memberkey(type=Typename(name='leash-length',
                                                                                                                            unwrapped=False,
                                                                                                                            parameters=None),
                                                                                                              hasCut=True),
                                                                                                type=Type(types=[Typename(name='float',
                                                                                                                          unwrapped=False,
                                                                                                                          parameters=None)]))])],
                                             isMap=True)]))),
 Rule(name=Typename(name='identityWithoutComment',
                    unwrapped=False,
                    parameters=None),
      isChoiceAddition=False,
      type=GroupEntry(occurrence=Occurrence(n=1, m=1),
                      key=None,
                      type=Type(types=[Group(groupChoices=[GroupChoice(groupEntries=[GroupEntry(occurrence=Occurrence(n=1,
                                                                                                                      m=1),
                                                                                                key=Memberkey(type=Typename(name='age',
                                                                                                                            unwrapped=False,
                                                                                                                            parameters=None),
                                                                                                              hasCut=True),
                                                                                                type=Type(types=[Typename(name='int',
                                                                                                                          unwrapped=False,
                                                                                                                          parameters=None)])),
                                                                                     GroupEntry(occurrence=Occurrence(n=1,
                                                                                                                      m=1),
                                                                                                key=Memberkey(type=Typename(name='name',
                                                                                                                            unwrapped=False,
                                                                                                                            parameters=None),
                                                                                                              hasCut=True),
                                                                                                type=Type(types=[Typename(name='tstr',
                                                                                                                          unwrapped=False,
                                                                                                                          parameters=None)]))])],
                                             isMap=False)]))),
 Rule(name=Typename(name='GeographyWithoutComment',
                    unwrapped=False,
                    parameters=None),
      isChoiceAddition=False,
      type=GroupEntry(occurrence=Occurrence(n=1, m=1),
                      key=None,
                      type=Type(types=[Array(groupChoices=[GroupChoice(groupEntries=[GroupEntry(occurrence=Occurrence(n=1,
                                                                                                                      m=1),
                                                                                                key=Memberkey(type=Typename(name='city',
                                                                                                                            unwrapped=False,
                                                                                                                            parameters=None),
                                                                                                              hasCut=True),
                                                                                                type=Type(types=[Typename(name='tstr',
                                                                                                                          unwrapped=False,
                                                                                                                          parameters=None)])),
                                                                                     GroupEntry(occurrence=Occurrence(n=1,
                                                                                                                      m=1),
                                                                                                key=Memberkey(type=Typename(name='gpsCoordinates',
                                                                                                                            unwrapped=False,
                                                                                                                            parameters=None),
                                                                                                              hasCut=True),
                                                                                                type=Type(types=[Typename(name='GpsCoordinates',
                                                                                                                          unwrapped=False,
                                                                                                                          parameters=None)]))])])]))),
 Rule(name=Typename(name='GpsCoordinatesWithoutComment',
                    unwrapped=False,
                    parameters=None),
      isChoiceAddition=False,
      type=GroupEntry(occurrence=Occurrence(n=1, m=1),
                      key=None,
                      type=Type(types=[Group(groupChoices=[GroupChoice(groupEntries=[GroupEntry(occurrence=Occurrence(n=1,
                                                                                                                      m=1),
                                                                                                key=Memberkey(type=Typename(name='longitude',
                                                                                                                            unwrapped=False,
                                                                                                                            parameters=None),
                                                                                                              hasCut=True),
                                                                                                type=Type(types=[Typename(name='uint',
                                                                                                                          unwrapped=False,
                                                                                                                          parameters=None)])),
                                                                                     GroupEntry(occurrence=Occurrence(n=1,
                                                                                                                      m=1),
                                                                                                key=Memberkey(type=Typename(name='latitude',
                                                                                                                            unwrapped=False,
                                                                                                                            parameters=None),
                                                                                                              hasCut=True),
                                                                                                type=Type(types=[Typename(name='uint',
                                                                                                                          unwrapped=False,
                                                                                                                          parameters=None)]))])],
                                             isMap=True)]))),
 Rule(name=Typename(name='located-samples-without-comments',
                    unwrapped=False,
                    parameters=None),
      isChoiceAddition=False,
      type=GroupEntry(occurrence=Occurrence(n=1, m=1),
                      key=None,
                      type=Type(types=[Group(groupChoices=[GroupChoice(groupEntries=[GroupEntry(occurrence=Occurrence(n=1,
                                                                                                                      m=1),
                                                                                                key=Memberkey(type=Value(value='sample-point',
                                                                                                                         type='text'),
                                                                                                              hasCut=False),
                                                                                                type=Type(types=[Typename(name='int',
                                                                                                                          unwrapped=False,
                                                                                                                          parameters=None)])),
                                                                                     GroupEntry(occurrence=Occurrence(n=1,
                                                                                                                      m=1),
                                                                                                key=Memberkey(type=Value(value='samples',
                                                                                                                         type='text'),
                                                                                                              hasCut=False),
                                                                                                type=Type(types=[Array(groupChoices=[GroupChoice(groupEntries=[GroupEntry(occurrence=Occurrence(n=1,
                                                                                                                                                                                                m=inf),
                                                                                                                                                                          key=None,
                                                                                                                                                                          type=Type(types=[Typename(name='float',
                                                                                                                                                                                                    unwrapped=False,
                                                                                                                                                                                                    parameters=None)]))])])]))])],
                                             isMap=True)]))),
 Rule(name=Typename(name='extensible-map-example-without-comments',
                    unwrapped=False,
                    parameters=None),
      isChoiceAddition=False,
      type=GroupEntry(occurrence=Occurrence(n=1, m=1),
                      key=None,
                      type=Type(types=[Group(groupChoices=[GroupChoice(groupEntries=[GroupEntry(occurrence=Occurrence(n=0,
                                                                                                                      m=inf),
                                                                                                key=Memberkey(type=Value(value='optional-key',
                                                                                                                         type='text'),
                                                                                                              hasCut=True),
                                                                                                type=Type(types=[Typename(name='int',
                                                                                                                          unwrapped=False,
                                                                                                                          parameters=None)])),
                                                                                     GroupEntry(occurrence=Occurrence(n=0,
                                                                                                                      m=inf),
                                                                                                key=Memberkey(type=Value(value='optional-key2',
                                                                                                                         type='text'),
                                                                                                              hasCut=True),
                                                                                                type=Type(types=[Typename(name='int',
                                                                                                                          unwrapped=False,
                                                                                                                          parameters=None)])),
                                                                                     GroupEntry(occurrence=Occurrence(n=0,
                                                                                                                      m=inf),
                                                                                                key=Memberkey(type=Typename(name='optional-key3',
                                                                                                                            unwrapped=False,
                                                                                                                            parameters=None),
                                                                                                              hasCut=True),
                                                                                                type=Type(types=[Typename(name='int',
                                                                                                                          unwrapped=False,
                                                                                                                          parameters=None)])),
                                                                                     GroupEntry(occurrence=Occurrence(n=0,
                                                                                                                      m=inf),
                                                                                                key=Memberkey(type=Typename(name='tstr',
                                                                                                                            unwrapped=False,
                                                                                                                            parameters=None),
                                                                                                              hasCut=False),
                                                                                                type=Type(types=[Typename(name='any',
                                                                                                                          unwrapped=False,
                                                                                                                          parameters=None)]))])],
                                             isMap=True)])))]