[Group(name='person',
       isChoiceAddition=False,
       properties=[Property(hasCut=False,
                            occurrence=Occurrence(n=1, m=1),
                            name='',
                            type=[PropertyReference(type='group',
                                                    value='identity',
                                                    unwrapped=False,
                                                    operator=None)],
                            comments=[Comment(content='an identity',
                                              leading=False,
                                              type='comment')],
                            operator=None),
                   Property(hasCut=True,
                            occurrence=Occurrence(n=1, m=1),
                            name='employer',
                            type=['tstr'],
                            comments=[Comment(content='some employer',
                                              leading=False,
                                              type='comment')],
                            operator=None)],
       comments=[],
       type='group'),
 Group(name='dog',
       isChoiceAddition=False,
       properties=[Property(hasCut=False,
                            occurrence=Occurrence(n=1, m=1),
                            name='',
                            type=[PropertyReference(type='group',
                                                    value='identity',
                                                    unwrapped=False,
                                                    operator=None)],
                            comments=[Comment(content='an identity again',
                                              leading=False,
                                              type='comment')],
                            operator=None),
                   Property(hasCut=True,
                            occurrence=Occurrence(n=1, m=1),
                            name='leash-length',
                            type=['float'],
                            comments=[Comment(content='some length',
                                              leading=False,
                                              type='comment')],
                            operator=None)],
       comments=[],
       type='group'),
 Group(name='identity',
       isChoiceAddition=False,
       properties=[Property(hasCut=True,
                            occurrence=Occurrence(n=1, m=1),
                            name='age',
                            type=['int'],
                            comments=[Comment(content='an age', leading=False, type='comment')],
                            operator=None),
                   Property(hasCut=True,
                            occurrence=Occurrence(n=1, m=1),
                            name='name',
                            type=['tstr'],
                            comments=[Comment(content='a name', leading=False, type='comment')],
                            operator=None)],
       comments=[],
       type='group'),
 Array(name='Geography',
       values=[Property(hasCut=True,
                        occurrence=Occurrence(n=1, m=1),
                        name='city',
                        type=['tstr'],
                        comments=[Comment(content='a city', leading=False, type='comment')],
                        operator=None),
               Property(hasCut=True,
                        occurrence=Occurrence(n=1, m=1),
                        name='gpsCoordinates',
                        type=[PropertyReference(type='group',
                                                value='GpsCoordinates',
                                                unwrapped=False,
                                                operator=None)],
                        comments=[Comment(content='some coordinates',
                                          leading=False,
                                          type='comment')],
                        operator=None)],
       comments=[],
       type='array'),
 Group(name='GpsCoordinates',
       isChoiceAddition=False,
       properties=[Property(hasCut=True,
                            occurrence=Occurrence(n=1, m=1),
                            name='longitude',
                            type=['uint'],
                            comments=[Comment(content='degrees, scaled by 10^7',
                                              leading=False,
                                              type='comment')],
                            operator=None),
                   Property(hasCut=True,
                            occurrence=Occurrence(n=1, m=1),
                            name='latitude',
                            type=['uint'],
                            comments=[Comment(content='degreed, scaled by 10^7',
                                              leading=False,
                                              type='comment')],
                            operator=None)],
       comments=[],
       type='group'),
 Group(name='located-samples',
       isChoiceAddition=False,
       properties=[Property(hasCut=False,
                            occurrence=Occurrence(n=1, m=1),
                            name='sample-point',
                            type=['int'],
                            comments=[Comment(content='some', leading=False, type='comment')],
                            operator=None),
                   Property(hasCut=False,
                            occurrence=Occurrence(n=1, m=1),
                            name='samples',
                            type=[Array(name='',
                                        values=[Property(hasCut=False,
                                                         occurrence=Occurrence(n=1, m=inf),
                                                         name='',
                                                         type='float',
                                                         comments=[],
                                                         operator=None)],
                                        comments=[],
                                        type='array')],
                            comments=[Comment(content='comments', leading=False, type='comment')],
                            operator=None)],
       comments=[],
       type='group'),
 Group(name='extensible-map-example',
       isChoiceAddition=False,
       properties=[Property(hasCut=True,
                            occurrence=Occurrence(n=0, m=inf),
                            name='optional-key',
                            type=['int'],
                            comments=[Comment(content='some', leading=False, type='comment')],
                            operator=None),
                   Property(hasCut=True,
                            occurrence=Occurrence(n=0, m=inf),
                            name='optional-key2',
                            type=['int'],
                            comments=[Comment(content='really', leading=False, type='comment')],
                            operator=None),
                   Property(hasCut=True,
                            occurrence=Occurrence(n=0, m=inf),
                            name='optional-key3',
                            type=['int'],
                            comments=[Comment(content='interesting',
                                              leading=False,
                                              type='comment')],
                            operator=None),
                   Property(hasCut=False,
                            occurrence=Occurrence(n=0, m=inf),
                            name='tstr',
                            type=['any'],
                            comments=[Comment(content='comments', leading=False, type='comment')],
                            operator=None)],
       comments=[],
       type='group'),
 Group(name='personWithoutComment',
       isChoiceAddition=False,
       properties=[Property(hasCut=False,
                            occurrence=Occurrence(n=1, m=1),
                            name='',
                            type=[PropertyReference(type='group',
                                                    value='identity',
                                                    unwrapped=False,
                                                    operator=None)],
                            comments=[],
                            operator=None),
                   Property(hasCut=True,
                            occurrence=Occurrence(n=1, m=1),
                            name='employer',
                            type=['tstr'],
                            comments=[],
                            operator=None)],
       comments=[],
       type='group'),
 Group(name='dogWithoutComment',
       isChoiceAddition=False,
       properties=[Property(hasCut=False,
                            occurrence=Occurrence(n=1, m=1),
                            name='',
                            type=[PropertyReference(type='group',
                                                    value='identity',
                                                    unwrapped=False,
                                                    operator=None)],
                            comments=[],
                            operator=None),
                   Property(hasCut=True,
                            occurrence=Occurrence(n=1, m=1),
                            name='leash-length',
                            type=['float'],
                            comments=[],
                            operator=None)],
       comments=[],
       type='group'),
 Group(name='identityWithoutComment',
       isChoiceAddition=False,
       properties=[Property(hasCut=True,
                            occurrence=Occurrence(n=1, m=1),
                            name='age',
                            type=['int'],
                            comments=[],
                            operator=None),
                   Property(hasCut=True,
                            occurrence=Occurrence(n=1, m=1),
                            name='name',
                            type=['tstr'],
                            comments=[],
                            operator=None)],
       comments=[],
       type='group'),
 Array(name='GeographyWithoutComment',
       values=[Property(hasCut=True,
                        occurrence=Occurrence(n=1, m=1),
                        name='city',
                        type=['tstr'],
                        comments=[],
                        operator=None),
               Property(hasCut=True,
                        occurrence=Occurrence(n=1, m=1),
                        name='gpsCoordinates',
                        type=[PropertyReference(type='group',
                                                value='GpsCoordinates',
                                                unwrapped=False,
                                                operator=None)],
                        comments=[],
                        operator=None)],
       comments=[],
       type='array'),
 Group(name='GpsCoordinatesWithoutComment',
       isChoiceAddition=False,
       properties=[Property(hasCut=True,
                            occurrence=Occurrence(n=1, m=1),
                            name='longitude',
                            type=['uint'],
                            comments=[],
                            operator=None),
                   Property(hasCut=True,
                            occurrence=Occurrence(n=1, m=1),
                            name='latitude',
                            type=['uint'],
                            comments=[],
                            operator=None)],
       comments=[],
       type='group'),
 Group(name='located-samples-without-comments',
       isChoiceAddition=False,
       properties=[Property(hasCut=False,
                            occurrence=Occurrence(n=1, m=1),
                            name='sample-point',
                            type=['int'],
                            comments=[],
                            operator=None),
                   Property(hasCut=False,
                            occurrence=Occurrence(n=1, m=1),
                            name='samples',
                            type=[Array(name='',
                                        values=[Property(hasCut=False,
                                                         occurrence=Occurrence(n=1, m=inf),
                                                         name='',
                                                         type='float',
                                                         comments=[],
                                                         operator=None)],
                                        comments=[],
                                        type='array')],
                            comments=[],
                            operator=None)],
       comments=[],
       type='group'),
 Group(name='extensible-map-example-without-comments',
       isChoiceAddition=False,
       properties=[Property(hasCut=True,
                            occurrence=Occurrence(n=0, m=inf),
                            name='optional-key',
                            type=['int'],
                            comments=[],
                            operator=None),
                   Property(hasCut=True,
                            occurrence=Occurrence(n=0, m=inf),
                            name='optional-key2',
                            type=['int'],
                            comments=[],
                            operator=None),
                   Property(hasCut=True,
                            occurrence=Occurrence(n=0, m=inf),
                            name='optional-key3',
                            type=['int'],
                            comments=[],
                            operator=None),
                   Property(hasCut=False,
                            occurrence=Occurrence(n=0, m=inf),
                            name='tstr',
                            type=['any'],
                            comments=[],
                            operator=None)],
       comments=[],
       type='group')]