[Rule(name=Typename(name='Example', unwrapped=False, parameters=None),
      isChoiceAddition=False,
      type=GroupEntry(occurrence=Occurrence(n=1, m=1),
                      key=None,
                      type=Type(types=[Group(groupChoices=[GroupChoice(groupEntries=[GroupEntry(occurrence=Occurrence(n=1,
                                                                                                                      m=1),
                                                                                                key=Memberkey(type=Typename(name='title',
                                                                                                                            unwrapped=False,
                                                                                                                            parameters=None),
                                                                                                              hasCut=True),
                                                                                                type=Type(types=[Typename(name='tstr',
                                                                                                                          unwrapped=False,
                                                                                                                          parameters=None)])),
                                                                                     GroupEntry(occurrence=Occurrence(n=0,
                                                                                                                      m=inf),
                                                                                                key=Memberkey(type=Typename(name='description',
                                                                                                                            unwrapped=False,
                                                                                                                            parameters=None),
                                                                                                              hasCut=True),
                                                                                                type=Type(types=[Typename(name='tstr',
                                                                                                                          unwrapped=False,
                                                                                                                          parameters=None)])),
                                                                                     GroupEntry(occurrence=Occurrence(n=0,
                                                                                                                      m=inf),
                                                                                                key=Memberkey(type=Typename(name='fail',
                                                                                                                            unwrapped=False,
                                                                                                                            parameters=None),
                                                                                                              hasCut=True),
                                                                                                type=Type(types=[Typename(name='bool',
                                                                                                                          unwrapped=False,
                                                                                                                          parameters=None)])),
                                                                                     GroupEntry(occurrence=Occurrence(n=1,
                                                                                                                      m=1),
                                                                                                key=Memberkey(type=Value(value='input',
                                                                                                                         type='text'),
                                                                                                              hasCut=True),
                                                                                                type=Type(types=[Typename(name='Inputs',
                                                                                                                          unwrapped=False,
                                                                                                                          parameters=None)])),
                                                                                     GroupEntry(occurrence=Occurrence(n=0,
                                                                                                                      m=inf),
                                                                                                key=Memberkey(type=Typename(name='intermediates',
                                                                                                                            unwrapped=False,
                                                                                                                            parameters=None),
                                                                                                              hasCut=True),
                                                                                                type=Type(types=[Typename(name='Intermediates',
                                                                                                                          unwrapped=False,
                                                                                                                          parameters=None)])),
                                                                                     GroupEntry(occurrence=Occurrence(n=1,
                                                                                                                      m=1),
                                                                                                key=Memberkey(type=Typename(name='output',
                                                                                                                            unwrapped=False,
                                                                                                                            parameters=None),
                                                                                                              hasCut=True),
                                                                                                type=Type(types=[Typename(name='Outputs',
                                                                                                                          unwrapped=False,
                                                                                                                          parameters=None)])),
                                                                                     GroupEntry(occurrence=Occurrence(n=1,
                                                                                                                      m=1),
                                                                                                key=Memberkey(type=Typename(name='attire',
                                                                                                                            unwrapped=False,
                                                                                                                            parameters=None),
                                                                                                              hasCut=True),
                                                                                                type=Type(types=[Value(value='bow '
                                                                                                                             'tie',
                                                                                                                       type='text')])),
                                                                                     GroupEntry(occurrence=Occurrence(n=1,
                                                                                                                      m=1),
                                                                                                key=Memberkey(type=Typename(name='someBool',
                                                                                                                            unwrapped=False,
                                                                                                                            parameters=None),
                                                                                                              hasCut=True),
                                                                                                type=Type(types=[Typename(name='true',
                                                                                                                          unwrapped=False,
                                                                                                                          parameters=None)])),
                                                                                     GroupEntry(occurrence=Occurrence(n=1,
                                                                                                                      m=1),
                                                                                                key=Memberkey(type=Typename(name='someOtherBool',
                                                                                                                            unwrapped=False,
                                                                                                                            parameters=None),
                                                                                                              hasCut=True),
                                                                                                type=Type(types=[Typename(name='false',
                                                                                                                          unwrapped=False,
                                                                                                                          parameters=None)])),
                                                                                     GroupEntry(occurrence=Occurrence(n=1,
                                                                                                                      m=1),
                                                                                                key=Memberkey(type=Typename(name='count',
                                                                                                                            unwrapped=False,
                                                                                                                            parameters=None),
                                                                                                              hasCut=True),
                                                                                                type=Type(types=[Value(value='123',
                                                                                                                       type='number')])),
                                                                                     GroupEntry(occurrence=Occurrence(n=1,
                                                                                                                      m=1),
                                                                                                key=Memberkey(type=Typename(name='negative-count',
                                                                                                                            unwrapped=False,
                                                                                                                            parameters=None),
                                                                                                              hasCut=True),
                                                                                                type=Type(types=[Value(value='-123',
                                                                                                                       type='number')])),
                                                                                     GroupEntry(occurrence=Occurrence(n=0,
                                                                                                                      m=inf),
                                                                                                key=Memberkey(type=Value(value='rating',
                                                                                                                         type='text'),
                                                                                                              hasCut=True),
                                                                                                type=Type(types=[Value(value='0.5724646875815566',
                                                                                                                       type='number')])),
                                                                                     GroupEntry(occurrence=Occurrence(n=1,
                                                                                                                      m=1),
                                                                                                key=Memberkey(type=Typename(name='hexa',
                                                                                                                            unwrapped=False,
                                                                                                                            parameters=None),
                                                                                                              hasCut=True),
                                                                                                type=Type(types=[Value(value='0x123',
                                                                                                                       type='number')])),
                                                                                     GroupEntry(occurrence=Occurrence(n=1,
                                                                                                                      m=1),
                                                                                                key=Memberkey(type=Typename(name='bin',
                                                                                                                            unwrapped=False,
                                                                                                                            parameters=None),
                                                                                                              hasCut=True),
                                                                                                type=Type(types=[Value(value='0b123',
                                                                                                                       type='number')])),
                                                                                     GroupEntry(occurrence=Occurrence(n=1,
                                                                                                                      m=1),
                                                                                                key=None,
                                                                                                type=Type(types=[Typename(name='foobar',
                                                                                                                          unwrapped=False,
                                                                                                                          parameters=None)])),
                                                                                     GroupEntry(occurrence=Occurrence(n=1,
                                                                                                                      m=1),
                                                                                                key=Memberkey(type=Typename(name='samples',
                                                                                                                            unwrapped=False,
                                                                                                                            parameters=None),
                                                                                                              hasCut=True),
                                                                                                type=Type(types=[Array(groupChoices=[GroupChoice(groupEntries=[GroupEntry(occurrence=Occurrence(n=1,
                                                                                                                                                                                                m=inf),
                                                                                                                                                                          key=None,
                                                                                                                                                                          type=Type(types=[Typename(name='float',
                                                                                                                                                                                                    unwrapped=False,
                                                                                                                                                                                                    parameters=None)]))])])])),
                                                                                     GroupEntry(occurrence=Occurrence(n=1,
                                                                                                                      m=1),
                                                                                                key=Memberkey(type=Typename(name='multitype',
                                                                                                                            unwrapped=False,
                                                                                                                            parameters=None),
                                                                                                              hasCut=True),
                                                                                                type=Type(types=[Typename(name='float',
                                                                                                                          unwrapped=False,
                                                                                                                          parameters=None),
                                                                                                                 Typename(name='tstr',
                                                                                                                          unwrapped=False,
                                                                                                                          parameters=None),
                                                                                                                 Value(value='foobar',
                                                                                                                       type='text')])),
                                                                                     GroupEntry(occurrence=Occurrence(n=1,
                                                                                                                      m=1),
                                                                                                key=Memberkey(type=Typename(name='my_uri',
                                                                                                                            unwrapped=False,
                                                                                                                            parameters=None),
                                                                                                              hasCut=True),
                                                                                                type=Type(types=[Tag(numericPart=Token(type=<Tokens.FLOAT: 'FLOAT'>,
                                                                                                                                       literal='6.32',
                                                                                                                                       comments=[],
                                                                                                                                       whitespace=''),
                                                                                                                     typePart=Type(types=[Typename(name='tstr',
                                                                                                                                                   unwrapped=False,
                                                                                                                                                   parameters=None)])),
                                                                                                                 Typename(name='tstr',
                                                                                                                          unwrapped=False,
                                                                                                                          parameters=None)]))])],
                                             isMap=True)])))]