[Rule(name=Typename(name='Example', unwrapped=None, parameters=None),
      assign=Token(type=<Tokens.ASSIGN: '='>,
                   literal='',
                   comments=[],
                   whitespace=' '),
      type=GroupEntry(occurrence=None,
                      key=None,
                      type=Type(types=[Group(groupChoices=[GroupChoice(groupEntries=[GroupEntry(occurrence=None,
                                                                                                key=Memberkey(type=Typename(name='title',
                                                                                                                            unwrapped=None,
                                                                                                                            parameters=None),
                                                                                                              hasCut=True,
                                                                                                              tokens=[Token(type=<Tokens.COLON: ':'>,
                                                                                                                            literal='',
                                                                                                                            comments=[],
                                                                                                                            whitespace='')]),
                                                                                                type=Type(types=[Typename(name='tstr',
                                                                                                                          unwrapped=None,
                                                                                                                          parameters=None)])),
                                                                                     GroupEntry(occurrence=Occurrence(n=0,
                                                                                                                      m=inf,
                                                                                                                      tokens=[Token(type=<Tokens.QUEST: '?'>,
                                                                                                                                    literal='',
                                                                                                                                    comments=[Token(type=<Tokens.COMMENT: 'COMMENT'>,
                                                                                                                                                    literal='; '
                                                                                                                                                            'summary '
                                                                                                                                                            'of '
                                                                                                                                                            'test',
                                                                                                                                                    comments=[],
                                                                                                                                                    whitespace='                                 ')],
                                                                                                                                    whitespace='\n'
                                                                                                                                               '   ')]),
                                                                                                key=Memberkey(type=Typename(name='description',
                                                                                                                            unwrapped=None,
                                                                                                                            parameters=None),
                                                                                                              hasCut=True,
                                                                                                              tokens=[Token(type=<Tokens.COLON: ':'>,
                                                                                                                            literal='',
                                                                                                                            comments=[],
                                                                                                                            whitespace='')]),
                                                                                                type=Type(types=[Typename(name='tstr',
                                                                                                                          unwrapped=None,
                                                                                                                          parameters=None)])),
                                                                                     GroupEntry(occurrence=Occurrence(n=0,
                                                                                                                      m=inf,
                                                                                                                      tokens=[Token(type=<Tokens.QUEST: '?'>,
                                                                                                                                    literal='',
                                                                                                                                    comments=[Token(type=<Tokens.COMMENT: 'COMMENT'>,
                                                                                                                                                    literal='; '
                                                                                                                                                            'longer '
                                                                                                                                                            'description '
                                                                                                                                                            'of '
                                                                                                                                                            'test',
                                                                                                                                                    comments=[],
                                                                                                                                                    whitespace='                         ')],
                                                                                                                                    whitespace='\n'
                                                                                                                                               '   ')]),
                                                                                                key=Memberkey(type=Typename(name='fail',
                                                                                                                            unwrapped=None,
                                                                                                                            parameters=None),
                                                                                                              hasCut=True,
                                                                                                              tokens=[Token(type=<Tokens.COLON: ':'>,
                                                                                                                            literal='',
                                                                                                                            comments=[],
                                                                                                                            whitespace=' ')]),
                                                                                                type=Type(types=[Typename(name='bool',
                                                                                                                          unwrapped=None,
                                                                                                                          parameters=None)])),
                                                                                     GroupEntry(occurrence=None,
                                                                                                key=Memberkey(type=Value(value='input',
                                                                                                                         type='text'),
                                                                                                              hasCut=True,
                                                                                                              tokens=[Token(type=<Tokens.COLON: ':'>,
                                                                                                                            literal='',
                                                                                                                            comments=[],
                                                                                                                            whitespace='')]),
                                                                                                type=Type(types=[Typename(name='Inputs',
                                                                                                                          unwrapped=None,
                                                                                                                          parameters=None)])),
                                                                                     GroupEntry(occurrence=Occurrence(n=0,
                                                                                                                      m=inf,
                                                                                                                      tokens=[Token(type=<Tokens.QUEST: '?'>,
                                                                                                                                    literal='',
                                                                                                                                    comments=[Token(type=<Tokens.COMMENT: 'COMMENT'>,
                                                                                                                                                    literal='; '
                                                                                                                                                            'Inputs '
                                                                                                                                                            'to '
                                                                                                                                                            'create '
                                                                                                                                                            'the '
                                                                                                                                                            'test',
                                                                                                                                                    comments=[],
                                                                                                                                                    whitespace='                             ')],
                                                                                                                                    whitespace='\n'
                                                                                                                                               '   ')]),
                                                                                                key=Memberkey(type=Typename(name='intermediates',
                                                                                                                            unwrapped=None,
                                                                                                                            parameters=None),
                                                                                                              hasCut=True,
                                                                                                              tokens=[Token(type=<Tokens.COLON: ':'>,
                                                                                                                            literal='',
                                                                                                                            comments=[],
                                                                                                                            whitespace=' ')]),
                                                                                                type=Type(types=[Typename(name='Intermediates',
                                                                                                                          unwrapped=None,
                                                                                                                          parameters=None)])),
                                                                                     GroupEntry(occurrence=None,
                                                                                                key=Memberkey(type=Typename(name='output',
                                                                                                                            unwrapped=None,
                                                                                                                            parameters=None),
                                                                                                              hasCut=True,
                                                                                                              tokens=[Token(type=<Tokens.COLON: ':'>,
                                                                                                                            literal='',
                                                                                                                            comments=[],
                                                                                                                            whitespace='')]),
                                                                                                type=Type(types=[Typename(name='Outputs',
                                                                                                                          unwrapped=None,
                                                                                                                          parameters=None)])),
                                                                                     GroupEntry(occurrence=None,
                                                                                                key=Memberkey(type=Typename(name='attire',
                                                                                                                            unwrapped=None,
                                                                                                                            parameters=None),
                                                                                                              hasCut=True,
                                                                                                              tokens=[Token(type=<Tokens.COLON: ':'>,
                                                                                                                            literal='',
                                                                                                                            comments=[],
                                                                                                                            whitespace='')]),
                                                                                                type=Type(types=[Value(value='bow '
                                                                                                                             'tie',
                                                                                                                       type='text')])),
                                                                                     GroupEntry(occurrence=None,
                                                                                                key=Memberkey(type=Typename(name='someBool',
                                                                                                                            unwrapped=None,
                                                                                                                            parameters=None),
                                                                                                              hasCut=True,
                                                                                                              tokens=[Token(type=<Tokens.COLON: ':'>,
                                                                                                                            literal='',
                                                                                                                            comments=[],
                                                                                                                            whitespace='')]),
                                                                                                type=Type(types=[Typename(name='true',
                                                                                                                          unwrapped=None,
                                                                                                                          parameters=None)])),
                                                                                     GroupEntry(occurrence=None,
                                                                                                key=Memberkey(type=Typename(name='someOtherBool',
                                                                                                                            unwrapped=None,
                                                                                                                            parameters=None),
                                                                                                              hasCut=True,
                                                                                                              tokens=[Token(type=<Tokens.COLON: ':'>,
                                                                                                                            literal='',
                                                                                                                            comments=[],
                                                                                                                            whitespace='')]),
                                                                                                type=Type(types=[Typename(name='false',
                                                                                                                          unwrapped=None,
                                                                                                                          parameters=None)])),
                                                                                     GroupEntry(occurrence=None,
                                                                                                key=Memberkey(type=Typename(name='count',
                                                                                                                            unwrapped=None,
                                                                                                                            parameters=None),
                                                                                                              hasCut=True,
                                                                                                              tokens=[Token(type=<Tokens.COLON: ':'>,
                                                                                                                            literal='',
                                                                                                                            comments=[],
                                                                                                                            whitespace='')]),
                                                                                                type=Type(types=[Value(value='123',
                                                                                                                       type='number')])),
                                                                                     GroupEntry(occurrence=None,
                                                                                                key=Memberkey(type=Typename(name='negative-count',
                                                                                                                            unwrapped=None,
                                                                                                                            parameters=None),
                                                                                                              hasCut=True,
                                                                                                              tokens=[Token(type=<Tokens.COLON: ':'>,
                                                                                                                            literal='',
                                                                                                                            comments=[],
                                                                                                                            whitespace='')]),
                                                                                                type=Type(types=[Value(value='-123',
                                                                                                                       type='number')])),
                                                                                     GroupEntry(occurrence=Occurrence(n=0,
                                                                                                                      m=inf,
                                                                                                                      tokens=[Token(type=<Tokens.QUEST: '?'>,
                                                                                                                                    literal='',
                                                                                                                                    comments=[],
                                                                                                                                    whitespace='\n'
                                                                                                                                               '   ')]),
                                                                                                key=Memberkey(type=Value(value='rating',
                                                                                                                         type='text'),
                                                                                                              hasCut=True,
                                                                                                              tokens=[Token(type=<Tokens.COLON: ':'>,
                                                                                                                            literal='',
                                                                                                                            comments=[],
                                                                                                                            whitespace='')]),
                                                                                                type=Type(types=[Value(value='0.5724646875815566',
                                                                                                                       type='number')])),
                                                                                     GroupEntry(occurrence=None,
                                                                                                key=Memberkey(type=Typename(name='hexa',
                                                                                                                            unwrapped=None,
                                                                                                                            parameters=None),
                                                                                                              hasCut=True,
                                                                                                              tokens=[Token(type=<Tokens.COLON: ':'>,
                                                                                                                            literal='',
                                                                                                                            comments=[],
                                                                                                                            whitespace='')]),
                                                                                                type=Type(types=[Value(value='0x123',
                                                                                                                       type='number')])),
                                                                                     GroupEntry(occurrence=None,
                                                                                                key=Memberkey(type=Typename(name='bin',
                                                                                                                            unwrapped=None,
                                                                                                                            parameters=None),
                                                                                                              hasCut=True,
                                                                                                              tokens=[Token(type=<Tokens.COLON: ':'>,
                                                                                                                            literal='',
                                                                                                                            comments=[],
                                                                                                                            whitespace='')]),
                                                                                                type=Type(types=[Value(value='0b123',
                                                                                                                       type='number')])),
                                                                                     GroupEntry(occurrence=None,
                                                                                                key=None,
                                                                                                type=Type(types=[Typename(name='foobar',
                                                                                                                          unwrapped=None,
                                                                                                                          parameters=None)])),
                                                                                     GroupEntry(occurrence=None,
                                                                                                key=Memberkey(type=Typename(name='samples',
                                                                                                                            unwrapped=None,
                                                                                                                            parameters=None),
                                                                                                              hasCut=True,
                                                                                                              tokens=[Token(type=<Tokens.COLON: ':'>,
                                                                                                                            literal='',
                                                                                                                            comments=[],
                                                                                                                            whitespace='')]),
                                                                                                type=Type(types=[Array(groupChoices=[GroupChoice(groupEntries=[GroupEntry(occurrence=Occurrence(n=1,
                                                                                                                                                                                                m=inf,
                                                                                                                                                                                                tokens=[Token(type=<Tokens.PLUS: '+'>,
                                                                                                                                                                                                              literal='',
                                                                                                                                                                                                              comments=[],
                                                                                                                                                                                                              whitespace='')]),
                                                                                                                                                                          key=None,
                                                                                                                                                                          type=Type(types=[Typename(name='float',
                                                                                                                                                                                                    unwrapped=None,
                                                                                                                                                                                                    parameters=None)]))])])])),
                                                                                     GroupEntry(occurrence=None,
                                                                                                key=Memberkey(type=Typename(name='multitype',
                                                                                                                            unwrapped=None,
                                                                                                                            parameters=None),
                                                                                                              hasCut=True,
                                                                                                              tokens=[Token(type=<Tokens.COLON: ':'>,
                                                                                                                            literal='',
                                                                                                                            comments=[],
                                                                                                                            whitespace='')]),
                                                                                                type=Type(types=[Typename(name='float',
                                                                                                                          unwrapped=None,
                                                                                                                          parameters=None),
                                                                                                                 Typename(name='tstr',
                                                                                                                          unwrapped=None,
                                                                                                                          parameters=None),
                                                                                                                 Value(value='foobar',
                                                                                                                       type='text')])),
                                                                                     GroupEntry(occurrence=None,
                                                                                                key=Memberkey(type=Typename(name='my_uri',
                                                                                                                            unwrapped=None,
                                                                                                                            parameters=None),
                                                                                                              hasCut=True,
                                                                                                              tokens=[Token(type=<Tokens.COLON: ':'>,
                                                                                                                            literal='',
                                                                                                                            comments=[],
                                                                                                                            whitespace='')]),
                                                                                                type=Type(types=[Tag(numericPart=Token(type=<Tokens.FLOAT: 'FLOAT'>,
                                                                                                                                       literal='6.32',
                                                                                                                                       comments=[],
                                                                                                                                       whitespace=''),
                                                                                                                     typePart=Group(groupChoices=[GroupChoice(groupEntries=[GroupEntry(occurrence=None,
                                                                                                                                                                                       key=None,
                                                                                                                                                                                       type=Type(types=[Typename(name='tstr',
                                                                                                                                                                                                                 unwrapped=None,
                                                                                                                                                                                                                 parameters=None)]))])],
                                                                                                                                    isMap=False)),
                                                                                                                 Typename(name='tstr',
                                                                                                                          unwrapped=None,
                                                                                                                          parameters=None)]))])],
                                             isMap=True)])))]