CDDLTree
  Token: EOF (EOF)
    whitespaces: 1
  Rule
    Typename
      root
    Token: ASSIGN (=)
      whitespaces: 1
    Type
      Array
        Token: LBRACK ([)
          whitespaces: 1
        Token: RBRACK (])
          whitespaces: 1
        GroupChoice
          GroupEntry
            Occurrence
              Token: NUMBER (NUMBER)
                whitespaces: 1
                literal: 2
              Token: ASTERISK (*)
              Token: NUMBER (NUMBER)
                literal: 2
            Type
              Map
                Token: LBRACE ({)
                  whitespaces: 1
                Token: RBRACE (})
                  whitespaces: 1
                GroupChoice
                  GroupEntry
                    Token: COMMA (,)
                    Memberkey
                      Typename
                        whitespaces: 2
                        precision
                      Token: COLON (:)
                    Type
                      Typename
                        whitespaces: 1
                        text
                  GroupEntry
                    Token: COMMA (,)
                    Memberkey
                      Typename
                        whitespaces: 2
                        Latitude
                      Token: COLON (:)
                    Type
                      Typename
                        whitespaces: 1
                        float
                  GroupEntry
                    Token: COMMA (,)
                    Memberkey
                      Typename
                        whitespaces: 2
                        Longitude
                      Token: COLON (:)
                    Type
                      Typename
                        whitespaces: 1
                        float
                  GroupEntry
                    Token: COMMA (,)
                    Memberkey
                      Typename
                        whitespaces: 2
                        Address
                      Token: COLON (:)
                    Type
                      Typename
                        whitespaces: 1
                        text
                  GroupEntry
                    Token: COMMA (,)
                    Memberkey
                      Typename
                        whitespaces: 2
                        City
                      Token: COLON (:)
                    Type
                      Typename
                        whitespaces: 1
                        text
                  GroupEntry
                    Token: COMMA (,)
                    Memberkey
                      Typename
                        whitespaces: 2
                        State
                      Token: COLON (:)
                    Type
                      Typename
                        whitespaces: 1
                        text
                  GroupEntry
                    Token: COMMA (,)
                    Memberkey
                      Typename
                        whitespaces: 2
                        Zip
                      Token: COLON (:)
                    Type
                      Typename
                        whitespaces: 1
                        text
                  GroupEntry
                    Memberkey
                      Typename
                        whitespaces: 2
                        Country
                      Token: COLON (:)
                    Type
                      Typename
                        whitespaces: 1
                        text