[Rule(name=Typename(name='f', unwrapped=False, parameters=None),
      isChoiceAddition=False,
      type=GroupEntry(occurrence=Occurrence(n=1, m=1),
                      key=None,
                      type=Type(types=[Group(groupChoices=[GroupChoice(groupEntries=[GroupEntry(occurrence=Occurrence(n=1,
                                                                                                                      m=1),
                                                                                                key=Memberkey(type=Typename(name='o',
                                                                                                                            unwrapped=False,
                                                                                                                            parameters=None),
                                                                                                              hasCut=True),
                                                                                                type=Type(types=[Group(groupChoices=[GroupChoice(groupEntries=[GroupEntry(occurrence=Occurrence(n=1,
                                                                                                                                                                                                m=1),
                                                                                                                                                                          key=Memberkey(type=Typename(name='o',
                                                                                                                                                                                                      unwrapped=False,
                                                                                                                                                                                                      parameters=None),
                                                                                                                                                                                        hasCut=True),
                                                                                                                                                                          type=Type(types=[Group(groupChoices=[GroupChoice(groupEntries=[GroupEntry(occurrence=Occurrence(n=1,
                                                                                                                                                                                                                                                                          m=1),
                                                                                                                                                                                                                                                    key=Memberkey(type=Typename(name='b',
                                                                                                                                                                                                                                                                                unwrapped=False,
                                                                                                                                                                                                                                                                                parameters=None),
                                                                                                                                                                                                                                                                  hasCut=True),
                                                                                                                                                                                                                                                    type=Type(types=[Group(groupChoices=[GroupChoice(groupEntries=[GroupEntry(occurrence=Occurrence(n=1,
                                                                                                                                                                                                                                                                                                                                                    m=1),
                                                                                                                                                                                                                                                                                                                              key=Memberkey(type=Typename(name='a',
                                                                                                                                                                                                                                                                                                                                                          unwrapped=False,
                                                                                                                                                                                                                                                                                                                                                          parameters=None),
                                                                                                                                                                                                                                                                                                                                            hasCut=True),
                                                                                                                                                                                                                                                                                                                              type=Type(types=[Group(groupChoices=[GroupChoice(groupEntries=[GroupEntry(occurrence=Occurrence(n=1,
                                                                                                                                                                                                                                                                                                                                                                                                                              m=1),
                                                                                                                                                                                                                                                                                                                                                                                                        key=Memberkey(type=Typename(name='r',
                                                                                                                                                                                                                                                                                                                                                                                                                                    unwrapped=False,
                                                                                                                                                                                                                                                                                                                                                                                                                                    parameters=None),
                                                                                                                                                                                                                                                                                                                                                                                                                      hasCut=True),
                                                                                                                                                                                                                                                                                                                                                                                                        type=Type(types=[Typename(name='text',
                                                                                                                                                                                                                                                                                                                                                                                                                                  unwrapped=False,
                                                                                                                                                                                                                                                                                                                                                                                                                                  parameters=None)]))])],
                                                                                                                                                                                                                                                                                                                                                     isMap=True)]))])],
                                                                                                                                                                                                                                                                           isMap=True)]))])],
                                                                                                                                                                                                 isMap=True)]))])],
                                                                                                                       isMap=True)]))])],
                                             isMap=True)])))]