[Rule(name=Typename(name='someGroup', unwrapped=None, parameters=None),
      assign=Token(type=<Tokens.ASSIGN: '='>,
                   literal='',
                   comments=[],
                   whitespace=' '),
      type=GroupEntry(occurrence=None,
                      key=None,
                      type=Type(types=[Group(groupChoices=[GroupChoice(groupEntries=[GroupEntry(occurrence=Occurrence(n=0,
                                                                                                                      m=inf,
                                                                                                                      tokens=[Token(type=<Tokens.QUEST: '?'>,
                                                                                                                                    literal='',
                                                                                                                                    comments=[],
                                                                                                                                    whitespace='\n'
                                                                                                                                               '    ')]),
                                                                                                key=Memberkey(type=Typename(name='optional',
                                                                                                                            unwrapped=None,
                                                                                                                            parameters=None),
                                                                                                              hasCut=True,
                                                                                                              hasColon=True,
                                                                                                              tokens=[Token(type=<Tokens.COLON: ':'>,
                                                                                                                            literal='',
                                                                                                                            comments=[],
                                                                                                                            whitespace='')]),
                                                                                                type=Type(types=[Typename(name='tstr',
                                                                                                                          unwrapped=None,
                                                                                                                          parameters=None)])),
                                                                                     GroupEntry(occurrence=Occurrence(n=0,
                                                                                                                      m=inf,
                                                                                                                      tokens=[Token(type=<Tokens.ASTERISK: '*'>,
                                                                                                                                    literal='',
                                                                                                                                    comments=[],
                                                                                                                                    whitespace='\n'
                                                                                                                                               '    ')]),
                                                                                                key=Memberkey(type=Typename(name='anotherOptional',
                                                                                                                            unwrapped=None,
                                                                                                                            parameters=None),
                                                                                                              hasCut=True,
                                                                                                              hasColon=True,
                                                                                                              tokens=[Token(type=<Tokens.COLON: ':'>,
                                                                                                                            literal='',
                                                                                                                            comments=[],
                                                                                                                            whitespace='')]),
                                                                                                type=Type(types=[Typename(name='tstr',
                                                                                                                          unwrapped=None,
                                                                                                                          parameters=None)])),
                                                                                     GroupEntry(occurrence=Occurrence(n=1,
                                                                                                                      m=inf,
                                                                                                                      tokens=[Token(type=<Tokens.PLUS: '+'>,
                                                                                                                                    literal='',
                                                                                                                                    comments=[],
                                                                                                                                    whitespace='\n'
                                                                                                                                               '    ')]),
                                                                                                key=Memberkey(type=Typename(name='atLeastOne',
                                                                                                                            unwrapped=None,
                                                                                                                            parameters=None),
                                                                                                              hasCut=True,
                                                                                                              hasColon=True,
                                                                                                              tokens=[Token(type=<Tokens.COLON: ':'>,
                                                                                                                            literal='',
                                                                                                                            comments=[],
                                                                                                                            whitespace='')]),
                                                                                                type=Type(types=[Typename(name='tstr',
                                                                                                                          unwrapped=None,
                                                                                                                          parameters=None)])),
                                                                                     GroupEntry(occurrence=Occurrence(n=23,
                                                                                                                      m=42,
                                                                                                                      tokens=[Token(type=<Tokens.NUMBER: 'NUMBER'>,
                                                                                                                                    literal='23',
                                                                                                                                    comments=[],
                                                                                                                                    whitespace='\n'
                                                                                                                                               '    '),
                                                                                                                              Token(type=<Tokens.ASTERISK: '*'>,
                                                                                                                                    literal='',
                                                                                                                                    comments=[],
                                                                                                                                    whitespace=''),
                                                                                                                              Token(type=<Tokens.NUMBER: 'NUMBER'>,
                                                                                                                                    literal='42',
                                                                                                                                    comments=[],
                                                                                                                                    whitespace='')]),
                                                                                                key=Memberkey(type=Typename(name='numberedOccurence',
                                                                                                                            unwrapped=None,
                                                                                                                            parameters=None),
                                                                                                              hasCut=True,
                                                                                                              hasColon=True,
                                                                                                              tokens=[Token(type=<Tokens.COLON: ':'>,
                                                                                                                            literal='',
                                                                                                                            comments=[],
                                                                                                                            whitespace='')]),
                                                                                                type=Type(types=[Typename(name='tstr',
                                                                                                                          unwrapped=None,
                                                                                                                          parameters=None)])),
                                                                                     GroupEntry(occurrence=Occurrence(n=0,
                                                                                                                      m=42,
                                                                                                                      tokens=[Token(type=<Tokens.ASTERISK: '*'>,
                                                                                                                                    literal='',
                                                                                                                                    comments=[],
                                                                                                                                    whitespace='\n'
                                                                                                                                               '    '),
                                                                                                                              Token(type=<Tokens.NUMBER: 'NUMBER'>,
                                                                                                                                    literal='42',
                                                                                                                                    comments=[],
                                                                                                                                    whitespace='')]),
                                                                                                key=Memberkey(type=Typename(name='withoutLeftSide',
                                                                                                                            unwrapped=None,
                                                                                                                            parameters=None),
                                                                                                              hasCut=True,
                                                                                                              hasColon=True,
                                                                                                              tokens=[Token(type=<Tokens.COLON: ':'>,
                                                                                                                            literal='',
                                                                                                                            comments=[],
                                                                                                                            whitespace='')]),
                                                                                                type=Type(types=[Typename(name='tstr',
                                                                                                                          unwrapped=None,
                                                                                                                          parameters=None)])),
                                                                                     GroupEntry(occurrence=Occurrence(n=23,
                                                                                                                      m=inf,
                                                                                                                      tokens=[Token(type=<Tokens.NUMBER: 'NUMBER'>,
                                                                                                                                    literal='23',
                                                                                                                                    comments=[],
                                                                                                                                    whitespace='\n'
                                                                                                                                               '    '),
                                                                                                                              Token(type=<Tokens.ASTERISK: '*'>,
                                                                                                                                    literal='',
                                                                                                                                    comments=[],
                                                                                                                                    whitespace='')]),
                                                                                                key=Memberkey(type=Typename(name='withoutRightSide',
                                                                                                                            unwrapped=None,
                                                                                                                            parameters=None),
                                                                                                              hasCut=True,
                                                                                                              hasColon=True,
                                                                                                              tokens=[Token(type=<Tokens.COLON: ':'>,
                                                                                                                            literal='',
                                                                                                                            comments=[],
                                                                                                                            whitespace='')]),
                                                                                                type=Type(types=[Typename(name='tstr',
                                                                                                                          unwrapped=None,
                                                                                                                          parameters=None)]))])],
                                             isMap=True)])))]