[Rule(name='someGroup',
      isChoiceAddition=False,
      type=GroupEntry(occurrence=Occurrence(n=1, m=1),
                      key=None,
                      type=Type(types=[Group(groupChoices=[GroupChoice(groupEntries=[GroupEntry(occurrence=Occurrence(n=0,
                                                                                                                      m=inf),
                                                                                                key=Memberkey(type=Typename(name='optional',
                                                                                                                            unwrapped=False),
                                                                                                              hasCut=True),
                                                                                                type=Type(types=[Typename(name='tstr',
                                                                                                                          unwrapped=False)])),
                                                                                     GroupEntry(occurrence=Occurrence(n=0,
                                                                                                                      m=inf),
                                                                                                key=Memberkey(type=Typename(name='anotherOptional',
                                                                                                                            unwrapped=False),
                                                                                                              hasCut=True),
                                                                                                type=Type(types=[Typename(name='tstr',
                                                                                                                          unwrapped=False)])),
                                                                                     GroupEntry(occurrence=Occurrence(n=1,
                                                                                                                      m=inf),
                                                                                                key=Memberkey(type=Typename(name='atLeastOne',
                                                                                                                            unwrapped=False),
                                                                                                              hasCut=True),
                                                                                                type=Type(types=[Typename(name='tstr',
                                                                                                                          unwrapped=False)])),
                                                                                     GroupEntry(occurrence=Occurrence(n=23,
                                                                                                                      m=42),
                                                                                                key=Memberkey(type=Typename(name='numberedOccurence',
                                                                                                                            unwrapped=False),
                                                                                                              hasCut=True),
                                                                                                type=Type(types=[Typename(name='tstr',
                                                                                                                          unwrapped=False)])),
                                                                                     GroupEntry(occurrence=Occurrence(n=0,
                                                                                                                      m=42),
                                                                                                key=Memberkey(type=Typename(name='withoutLeftSide',
                                                                                                                            unwrapped=False),
                                                                                                              hasCut=True),
                                                                                                type=Type(types=[Typename(name='tstr',
                                                                                                                          unwrapped=False)])),
                                                                                     GroupEntry(occurrence=Occurrence(n=23,
                                                                                                                      m=inf),
                                                                                                key=Memberkey(type=Typename(name='withoutRightSide',
                                                                                                                            unwrapped=False),
                                                                                                              hasCut=True),
                                                                                                type=Type(types=[Typename(name='tstr',
                                                                                                                          unwrapped=False)]))])],
                                             isMap=True)])))]