CDDLTree
  Token: EOF (EOF)
    whitespaces: 1
  Rule
    Typename: someGroup
    Token: ASSIGN (=)
      whitespaces: 1
    Type
      Map
        Token: LBRACE ({)
          whitespaces: 1
        Token: RBRACE (})
          whitespaces: 1
        GroupChoice
          GroupEntry
            Token: COMMA (,)
            Occurrence
              Token: QUEST (?)
                whitespaces: 5
            Memberkey
              Token: COLON (:)
            Type
              Typename
                whitespaces: 1: tstr
          GroupEntry
            Token: COMMA (,)
            Occurrence
              Token: ASTERISK (*)
                whitespaces: 5
            Memberkey
              Token: COLON (:)
            Type
              Typename
                whitespaces: 1: tstr
          GroupEntry
            Token: COMMA (,)
            Occurrence
              Token: PLUS (+)
                whitespaces: 5
            Memberkey
              Token: COLON (:)
            Type
              Typename
                whitespaces: 1: tstr
          GroupEntry
            Token: COMMA (,)
            Occurrence
              Token: NUMBER (NUMBER)
                whitespaces: 5
                literal: 23
              Token: ASTERISK (*)
              Token: NUMBER (NUMBER)
                literal: 42
            Memberkey
              Token: COLON (:)
            Type
              Typename
                whitespaces: 1: tstr
          GroupEntry
            Token: COMMA (,)
            Occurrence
              Token: ASTERISK (*)
                whitespaces: 5
              Token: NUMBER (NUMBER)
                literal: 42
            Memberkey
              Token: COLON (:)
            Type
              Typename
                whitespaces: 1: tstr
          GroupEntry
            Occurrence
              Token: NUMBER (NUMBER)
                whitespaces: 5
                literal: 23
              Token: ASTERISK (*)
            Memberkey
              Token: COLON (:)
            Type
              Typename
                whitespaces: 1: tstr