[Rule(name=Typename(name='ip4', unwrapped=False, parameters=None),
      isChoiceAddition=False,
      isTypeDefinition=False,
      type=GroupEntry(occurrence=Occurrence(n=1, m=1),
                      key=None,
                      type=Type(types=[Operator(type=Typename(name='bstr',
                                                              unwrapped=False,
                                                              parameters=None),
                                                name='size',
                                                controller=Value(value='4',
                                                                 type='number'))]))),
 Rule(name=Typename(name='label', unwrapped=False, parameters=None),
      isChoiceAddition=False,
      isTypeDefinition=False,
      type=GroupEntry(occurrence=Occurrence(n=1, m=1),
                      key=None,
                      type=Type(types=[Operator(type=Typename(name='bstr',
                                                              unwrapped=False,
                                                              parameters=None),
                                                name='size',
                                                controller=Group(groupChoices=[GroupChoice(groupEntries=[GroupEntry(occurrence=Occurrence(n=1,
                                                                                                                                          m=1),
                                                                                                                    key=None,
                                                                                                                    type=Type(types=[Range(min=Value(value='1',
                                                                                                                                                     type='number'),
                                                                                                                                           max=Value(value='63',
                                                                                                                                                     type='number'),
                                                                                                                                           inclusive=False)]))])],
                                                                 isMap=False))]))),
 Rule(name=Typename(name='nai', unwrapped=False, parameters=None),
      isChoiceAddition=False,
      isTypeDefinition=False,
      type=GroupEntry(occurrence=Occurrence(n=1, m=1),
                      key=None,
                      type=Type(types=[Operator(type=Typename(name='tstr',
                                                              unwrapped=False,
                                                              parameters=None),
                                                name='regexp',
                                                controller=Value(value='[A-Za-z0-9]+@[A-Za-z0-9]+(\\\\.[A-Za-z0-9]+)+',
                                                                 type='text'))]))),
 Rule(name=Typename(name='rwxbits', unwrapped=False, parameters=None),
      isChoiceAddition=False,
      isTypeDefinition=False,
      type=GroupEntry(occurrence=Occurrence(n=1, m=1),
                      key=None,
                      type=Type(types=[Operator(type=Typename(name='uint',
                                                              unwrapped=False,
                                                              parameters=None),
                                                name='bits',
                                                controller=Typename(name='rwx',
                                                                    unwrapped=False,
                                                                    parameters=None))]))),
 Rule(name=Typename(name='foo', unwrapped=False, parameters=None),
      isChoiceAddition=False,
      isTypeDefinition=False,
      type=GroupEntry(occurrence=Occurrence(n=1, m=1),
                      key=None,
                      type=Type(types=[Operator(type=Typename(name='ip4',
                                                              unwrapped=False,
                                                              parameters=None),
                                                name='and',
                                                controller=Typename(name='nai',
                                                                    unwrapped=False,
                                                                    parameters=None))]))),
 Rule(name=Typename(name='fooWithin', unwrapped=False, parameters=None),
      isChoiceAddition=False,
      isTypeDefinition=False,
      type=GroupEntry(occurrence=Occurrence(n=1, m=1),
                      key=None,
                      type=Type(types=[Operator(type=Typename(name='ip4',
                                                              unwrapped=False,
                                                              parameters=None),
                                                name='within',
                                                controller=Typename(name='nai',
                                                                    unwrapped=False,
                                                                    parameters=None))]))),
 Rule(name=Typename(name='bar', unwrapped=False, parameters=None),
      isChoiceAddition=False,
      isTypeDefinition=False,
      type=GroupEntry(occurrence=Occurrence(n=1, m=1),
                      key=None,
                      type=Type(types=[Operator(type=Typename(name='foo',
                                                              unwrapped=False,
                                                              parameters=None),
                                                name='ne',
                                                controller=Typename(name='fooWithin',
                                                                    unwrapped=False,
                                                                    parameters=None))]))),
 Rule(name=Typename(name='speed', unwrapped=False, parameters=None),
      isChoiceAddition=False,
      isTypeDefinition=False,
      type=GroupEntry(occurrence=Occurrence(n=1, m=1),
                      key=None,
                      type=Type(types=[Operator(type=Typename(name='number',
                                                              unwrapped=False,
                                                              parameters=None),
                                                name='ge',
                                                controller=Value(value='0',
                                                                 type='number'))]))),
 Rule(name=Typename(name='speed2', unwrapped=False, parameters=None),
      isChoiceAddition=False,
      isTypeDefinition=False,
      type=GroupEntry(occurrence=Occurrence(n=1, m=1),
                      key=None,
                      type=Type(types=[Operator(type=Typename(name='number',
                                                              unwrapped=False,
                                                              parameters=None),
                                                name='le',
                                                controller=Value(value='10',
                                                                 type='number'))]))),
 Rule(name=Typename(name='speed3', unwrapped=False, parameters=None),
      isChoiceAddition=False,
      isTypeDefinition=False,
      type=GroupEntry(occurrence=Occurrence(n=1, m=1),
                      key=None,
                      type=Type(types=[Operator(type=Typename(name='number',
                                                              unwrapped=False,
                                                              parameters=None),
                                                name='gt',
                                                controller=Value(value='0',
                                                                 type='number'))]))),
 Rule(name=Typename(name='speed4', unwrapped=False, parameters=None),
      isChoiceAddition=False,
      isTypeDefinition=False,
      type=GroupEntry(occurrence=Occurrence(n=1, m=1),
                      key=None,
                      type=Type(types=[Operator(type=Typename(name='number',
                                                              unwrapped=False,
                                                              parameters=None),
                                                name='lt',
                                                controller=Value(value='10',
                                                                 type='number'))]))),
 Rule(name=Typename(name='displayed-step', unwrapped=False, parameters=None),
      isChoiceAddition=False,
      isTypeDefinition=False,
      type=GroupEntry(occurrence=Occurrence(n=1, m=1),
                      key=None,
                      type=Type(types=[Operator(type=Typename(name='number',
                                                              unwrapped=False,
                                                              parameters=None),
                                                name='default',
                                                controller=Value(value='1',
                                                                 type='number'))]))),
 Rule(name=Typename(name='someGroup', unwrapped=False, parameters=None),
      isChoiceAddition=False,
      isTypeDefinition=False,
      type=GroupEntry(occurrence=Occurrence(n=1, m=1),
                      key=None,
                      type=Type(types=[Group(groupChoices=[GroupChoice(groupEntries=[GroupEntry(occurrence=Occurrence(n=0,
                                                                                                                      m=inf),
                                                                                                key=Memberkey(type=Typename(name='optional',
                                                                                                                            unwrapped=False,
                                                                                                                            parameters=None),
                                                                                                              hasCut=True),
                                                                                                type=Type(types=[Operator(type=Typename(name='tstr',
                                                                                                                                        unwrapped=False,
                                                                                                                                        parameters=None),
                                                                                                                          name='default',
                                                                                                                          controller=Value(value='foobar',
                                                                                                                                           type='text'))])),
                                                                                     GroupEntry(occurrence=Occurrence(n=0,
                                                                                                                      m=inf),
                                                                                                key=Memberkey(type=Typename(name='orientation',
                                                                                                                            unwrapped=False,
                                                                                                                            parameters=None),
                                                                                                              hasCut=True),
                                                                                                type=Type(types=[Operator(type=Group(groupChoices=[GroupChoice(groupEntries=[GroupEntry(occurrence=Occurrence(n=1,
                                                                                                                                                                                                              m=1),
                                                                                                                                                                                        key=None,
                                                                                                                                                                                        type=Type(types=[Value(value='portrait',
                                                                                                                                                                                                               type='text'),
                                                                                                                                                                                                         Value(value='landscape',
                                                                                                                                                                                                               type='text')]))])],
                                                                                                                                     isMap=False),
                                                                                                                          name='default',
                                                                                                                          controller=Value(value='portrait',
                                                                                                                                           type='text'))])),
                                                                                     GroupEntry(occurrence=Occurrence(n=0,
                                                                                                                      m=inf),
                                                                                                key=Memberkey(type=Typename(name='scale',
                                                                                                                            unwrapped=False,
                                                                                                                            parameters=None),
                                                                                                              hasCut=True),
                                                                                                type=Type(types=[Operator(type=Group(groupChoices=[GroupChoice(groupEntries=[GroupEntry(occurrence=Occurrence(n=1,
                                                                                                                                                                                                              m=1),
                                                                                                                                                                                        key=None,
                                                                                                                                                                                        type=Type(types=[Range(min=Value(value='0.1',
                                                                                                                                                                                                                         type='number'),
                                                                                                                                                                                                               max=Value(value='2.0',
                                                                                                                                                                                                                         type='number'),
                                                                                                                                                                                                               inclusive=False)]))])],
                                                                                                                                     isMap=False),
                                                                                                                          name='default',
                                                                                                                          controller=Value(value='1.0',
                                                                                                                                           type='number'))])),
                                                                                     GroupEntry(occurrence=Occurrence(n=0,
                                                                                                                      m=inf),
                                                                                                key=Memberkey(type=Typename(name='shrinkToFit',
                                                                                                                            unwrapped=False,
                                                                                                                            parameters=None),
                                                                                                              hasCut=True),
                                                                                                type=Type(types=[Operator(type=Typename(name='bool',
                                                                                                                                        unwrapped=False,
                                                                                                                                        parameters=None),
                                                                                                                          name='default',
                                                                                                                          controller=Typename(name='true',
                                                                                                                                              unwrapped=False,
                                                                                                                                              parameters=None))])),
                                                                                     GroupEntry(occurrence=Occurrence(n=0,
                                                                                                                      m=inf),
                                                                                                key=Memberkey(type=Typename(name='shrinkToFitP',
                                                                                                                            unwrapped=False,
                                                                                                                            parameters=None),
                                                                                                              hasCut=True),
                                                                                                type=Type(types=[Operator(type=Group(groupChoices=[GroupChoice(groupEntries=[GroupEntry(occurrence=Occurrence(n=1,
                                                                                                                                                                                                              m=1),
                                                                                                                                                                                        key=None,
                                                                                                                                                                                        type=Type(types=[Typename(name='bool',
                                                                                                                                                                                                                  unwrapped=False,
                                                                                                                                                                                                                  parameters=None)]))])],
                                                                                                                                     isMap=False),
                                                                                                                          name='default',
                                                                                                                          controller=Typename(name='true',
                                                                                                                                              unwrapped=False,
                                                                                                                                              parameters=None))])),
                                                                                     GroupEntry(occurrence=Occurrence(n=0,
                                                                                                                      m=inf),
                                                                                                key=Memberkey(type=Typename(name='bottom',
                                                                                                                            unwrapped=False,
                                                                                                                            parameters=None),
                                                                                                              hasCut=True),
                                                                                                type=Type(types=[Operator(type=Group(groupChoices=[GroupChoice(groupEntries=[GroupEntry(occurrence=Occurrence(n=1,
                                                                                                                                                                                                              m=1),
                                                                                                                                                                                        key=None,
                                                                                                                                                                                        type=Type(types=[Operator(type=Typename(name='float',
                                                                                                                                                                                                                                unwrapped=False,
                                                                                                                                                                                                                                parameters=None),
                                                                                                                                                                                                                  name='ge',
                                                                                                                                                                                                                  controller=Value(value='0.0',
                                                                                                                                                                                                                                   type='number'))]))])],
                                                                                                                                     isMap=False),
                                                                                                                          name='default',
                                                                                                                          controller=Value(value='1.0',
                                                                                                                                           type='number'))]))])],
                                             isMap=True)]))),
 Rule(name=Typename(name='optional', unwrapped=False, parameters=None),
      isChoiceAddition=False,
      isTypeDefinition=False,
      type=GroupEntry(occurrence=Occurrence(n=1, m=1),
                      key=None,
                      type=Type(types=[Operator(type=Typename(name='tstr',
                                                              unwrapped=False,
                                                              parameters=None),
                                                name='default',
                                                controller=Value(value='foobar',
                                                                 type='text'))]))),
 Rule(name=Typename(name='orientation', unwrapped=False, parameters=None),
      isChoiceAddition=False,
      isTypeDefinition=False,
      type=GroupEntry(occurrence=Occurrence(n=1, m=1),
                      key=None,
                      type=Type(types=[Operator(type=Group(groupChoices=[GroupChoice(groupEntries=[GroupEntry(occurrence=Occurrence(n=1,
                                                                                                                                    m=1),
                                                                                                              key=None,
                                                                                                              type=Type(types=[Value(value='portrait',
                                                                                                                                     type='text'),
                                                                                                                               Value(value='landscape',
                                                                                                                                     type='text')]))])],
                                                           isMap=False),
                                                name='default',
                                                controller=Value(value='portrait',
                                                                 type='text'))])))]