CDDLTree
  Token: EOF (EOF)
    whitespaces: 1
  Rule
    Typename
      t
    Token: ASSIGN (=)
      whitespaces: 1
    Type
      Array
        Token: LBRACK ([)
          whitespaces: 1
        Token: RBRACK (])
          whitespaces: 1
        GroupChoice
          GroupEntry
            Type
              Typename
                whitespaces: 1
                group1
  Rule
    Typename
      whitespaces: 2
      group1
    Token: ASSIGN (=)
      whitespaces: 1
    GroupEntry
      Type
        Group
          Token: LPAREN (()
            whitespaces: 1
          Token: RPAREN ())
            whitespaces: 1
          GroupChoice
            Token: GCHOICE (//)
              whitespaces: 1
            GroupEntry
              Type
                Typename
                  whitespaces: 1
                  Token: TCHOICE (/)
                    whitespaces: 1
                  a
                Typename
                  whitespaces: 1
                  b
          GroupChoice
            GroupEntry
              Type
                Typename
                  whitespaces: 1
                  Token: TCHOICE (/)
                    whitespaces: 1
                  c
                Typename
                  whitespaces: 1
                  d
  Rule
    Typename
      whitespaces: 2
      a
    Token: ASSIGN (=)
      whitespaces: 1
    Type
      Value (number): 1
  Rule
    Typename
      whitespaces: 1
      b
    Token: ASSIGN (=)
      whitespaces: 1
    Type
      Value (number): 2
  Rule
    Typename
      whitespaces: 1
      c
    Token: ASSIGN (=)
      whitespaces: 1
    Type
      Value (number): 3
  Rule
    Typename
      whitespaces: 1
      d
    Token: ASSIGN (=)
      whitespaces: 1
    Type
      Value (number): 4