[Rule(name=Typename(name='device-address', unwrapped=False, parameters=None),
      isChoiceAddition=False,
      type=GroupEntry(occurrence=Occurrence(n=1, m=1),
                      key=None,
                      type=Type(types=[Typename(name='byte',
                                                unwrapped=False,
                                                parameters=None)]))),
 Rule(name=Typename(name='max-byte', unwrapped=False, parameters=None),
      isChoiceAddition=False,
      type=GroupEntry(occurrence=Occurrence(n=1, m=1),
                      key=None,
                      type=Type(types=[Value(value='255', type='number'),
                                       Typename(name='float',
                                                unwrapped=False,
                                                parameters=None),
                                       Typename(name='int',
                                                unwrapped=False,
                                                parameters=None)]))),
 Rule(name=Typename(name='my_uri', unwrapped=False, parameters=None),
      isChoiceAddition=False,
      type=GroupEntry(occurrence=Occurrence(n=1, m=1),
                      key=None,
                      type=Type(types=[Tag(numericPart=Token(type=<Tokens.FLOAT: 'FLOAT'>,
                                                             literal='6.32',
                                                             whitespace=''),
                                           typePart=Type(types=[Typename(name='tstr',
                                                                         unwrapped=False,
                                                                         parameters=None)])),
                                       Typename(name='tstr',
                                                unwrapped=False,
                                                parameters=None)]))),
 Rule(name=Typename(name='byte', unwrapped=False, parameters=None),
      isChoiceAddition=False,
      type=GroupEntry(occurrence=Occurrence(n=1, m=1),
                      key=None,
                      type=Type(types=[Range(min=Value(value='0',
                                                       type='number'),
                                             max=Typename(name='max-byte',
                                                          unwrapped=False,
                                                          parameters=None),
                                             inclusive=False)]))),
 Rule(name=Typename(name='first-non-byte', unwrapped=False, parameters=None),
      isChoiceAddition=False,
      type=GroupEntry(occurrence=Occurrence(n=1, m=1),
                      key=None,
                      type=Type(types=[Value(value='256', type='number')]))),
 Rule(name=Typename(name='byte1', unwrapped=False, parameters=None),
      isChoiceAddition=False,
      type=GroupEntry(occurrence=Occurrence(n=1, m=1),
                      key=None,
                      type=Type(types=[Range(min=Value(value='0',
                                                       type='number'),
                                             max=Typename(name='first-non-byte',
                                                          unwrapped=False,
                                                          parameters=None),
                                             inclusive=False)]))),
 Rule(name=Typename(name='min..max', unwrapped=False, parameters=None),
      isChoiceAddition=False,
      type=GroupEntry(occurrence=Occurrence(n=1, m=1),
                      key=None,
                      type=Type(types=[Value(value='0', type='number')]))),
 Rule(name=Typename(name='byte2', unwrapped=False, parameters=None),
      isChoiceAddition=False,
      type=GroupEntry(occurrence=Occurrence(n=1, m=1),
                      key=None,
                      type=Type(types=[Typename(name='min..max...first-non-byte',
                                                unwrapped=False,
                                                parameters=None)]))),
 Rule(name=Typename(name='byte3', unwrapped=False, parameters=None),
      isChoiceAddition=False,
      type=GroupEntry(occurrence=Occurrence(n=1, m=1),
                      key=None,
                      type=Type(types=[Range(min=Typename(name='min..max',
                                                          unwrapped=False,
                                                          parameters=None),
                                             max=Typename(name='first-non-byte',
                                                          unwrapped=False,
                                                          parameters=None),
                                             inclusive=False)]))),
 Rule(name=Typename(name='js-int', unwrapped=False, parameters=None),
      isChoiceAddition=False,
      type=GroupEntry(occurrence=Occurrence(n=1, m=1),
                      key=None,
                      type=Type(types=[Range(min=Value(value='-9007199254740991',
                                                       type='number'),
                                             max=Value(value='9007199254740991',
                                                       type='number'),
                                             inclusive=False)]))),
 Rule(name=Typename(name='scale', unwrapped=False, parameters=None),
      isChoiceAddition=False,
      type=GroupEntry(occurrence=Occurrence(n=1, m=1),
                      key=None,
                      type=Type(types=[Operator(type=Group(groupChoices=[GroupChoice(groupEntries=[GroupEntry(occurrence=Occurrence(n=1,
                                                                                                                                    m=1),
                                                                                                              key=None,
                                                                                                              type=Type(types=[Range(min=Value(value='0.1',
                                                                                                                                               type='number'),
                                                                                                                                     max=Value(value='2.0',
                                                                                                                                               type='number'),
                                                                                                                                     inclusive=False)]))])],
                                                           isMap=False),
                                                name='default',
                                                controller=Value(value='1.0',
                                                                 type='number'))])))]