[Rule(name='device-address',
      isChoiceAddition=False,
      type=GroupEntry(occurrence=Occurrence(n=1, m=1),
                      key=None,
                      type=Type(types=[Typename(name='byte', unwrapped=False)]))),
 Rule(name='max-byte',
      isChoiceAddition=False,
      type=GroupEntry(occurrence=Occurrence(n=1, m=1),
                      key=None,
                      type=Type(types=[Value(value='255'),
                                       Typename(name='float', unwrapped=False),
                                       Typename(name='int', unwrapped=False)]))),
 Rule(name='my_uri',
      isChoiceAddition=False,
      type=GroupEntry(occurrence=Occurrence(n=1, m=1),
                      key=None,
                      type=Type(types=[Tag(numericPart=Token(type=<Tokens.FLOAT: 'FLOAT'>,
                                                             literal='6.32',
                                                             whitespace=''),
                                           typePart=Type(types=[Typename(name='tstr',
                                                                         unwrapped=False)])),
                                       Typename(name='tstr', unwrapped=False)]))),
 Rule(name='byte',
      isChoiceAddition=False,
      type=GroupEntry(occurrence=Occurrence(n=1, m=1),
                      key=None,
                      type=Type(types=[Range(min=Value(value='0'),
                                             max=Typename(name='max-byte',
                                                          unwrapped=False),
                                             inclusive=False)]))),
 Rule(name='first-non-byte',
      isChoiceAddition=False,
      type=GroupEntry(occurrence=Occurrence(n=1, m=1),
                      key=None,
                      type=Type(types=[Value(value='256')]))),
 Rule(name='byte1',
      isChoiceAddition=False,
      type=GroupEntry(occurrence=Occurrence(n=1, m=1),
                      key=None,
                      type=Type(types=[Range(min=Value(value='0'),
                                             max=Typename(name='first-non-byte',
                                                          unwrapped=False),
                                             inclusive=False)]))),
 Rule(name='min..max',
      isChoiceAddition=False,
      type=GroupEntry(occurrence=Occurrence(n=1, m=1),
                      key=None,
                      type=Type(types=[Value(value='0')]))),
 Rule(name='byte2',
      isChoiceAddition=False,
      type=GroupEntry(occurrence=Occurrence(n=1, m=1),
                      key=None,
                      type=Type(types=[Typename(name='min..max...first-non-byte',
                                                unwrapped=False)]))),
 Rule(name='byte3',
      isChoiceAddition=False,
      type=GroupEntry(occurrence=Occurrence(n=1, m=1),
                      key=None,
                      type=Type(types=[Range(min=Typename(name='min..max',
                                                          unwrapped=False),
                                             max=Typename(name='first-non-byte',
                                                          unwrapped=False),
                                             inclusive=False)]))),
 Rule(name='js-int',
      isChoiceAddition=False,
      type=GroupEntry(occurrence=Occurrence(n=1, m=1),
                      key=None,
                      type=Type(types=[Range(min=Value(value='-9007199254740991'),
                                             max=Value(value='9007199254740991'),
                                             inclusive=False)]))),
 Rule(name='scale',
      isChoiceAddition=False,
      type=GroupEntry(occurrence=Occurrence(n=1, m=1),
                      key=None,
                      type=Type(types=[Operator(type=Group(groupChoices=[GroupChoice(groupEntries=[GroupEntry(occurrence=Occurrence(n=1,
                                                                                                                                    m=1),
                                                                                                              key=None,
                                                                                                              type=Type(types=[Range(min=Value(value='0.1'),
                                                                                                                                     max=Value(value='2.0'),
                                                                                                                                     inclusive=False)]))])],
                                                           isMap=False),
                                                name='default',
                                                controller=Value(value='1.0'))])))]