[Rule(name=Typename(name='reputation-object', unwrapped=None, parameters=None),
      assign=Token(type=<Tokens.ASSIGN: '='>,
                   literal='',
                   comments=[],
                   whitespace=' '),
      type=GroupEntry(occurrence=None,
                      key=None,
                      type=Type(types=[Group(groupChoices=[GroupChoice(groupEntries=[GroupEntry(occurrence=None,
                                                                                                key=Memberkey(type=Typename(name='application',
                                                                                                                            unwrapped=None,
                                                                                                                            parameters=None),
                                                                                                              hasCut=True,
                                                                                                              hasColon=True,
                                                                                                              tokens=[Token(type=<Tokens.COLON: ':'>,
                                                                                                                            literal='',
                                                                                                                            comments=[],
                                                                                                                            whitespace='')]),
                                                                                                type=Type(types=[Typename(name='text',
                                                                                                                          unwrapped=None,
                                                                                                                          parameters=None)])),
                                                                                     GroupEntry(occurrence=None,
                                                                                                key=Memberkey(type=Typename(name='reputons',
                                                                                                                            unwrapped=None,
                                                                                                                            parameters=None),
                                                                                                              hasCut=True,
                                                                                                              hasColon=True,
                                                                                                              tokens=[Token(type=<Tokens.COLON: ':'>,
                                                                                                                            literal='',
                                                                                                                            comments=[],
                                                                                                                            whitespace='')]),
                                                                                                type=Type(types=[Array(groupChoices=[GroupChoice(groupEntries=[GroupEntry(occurrence=Occurrence(n=0,
                                                                                                                                                                                                m=inf,
                                                                                                                                                                                                tokens=[Token(type=<Tokens.ASTERISK: '*'>,
                                                                                                                                                                                                              literal='',
                                                                                                                                                                                                              comments=[],
                                                                                                                                                                                                              whitespace=' ')]),
                                                                                                                                                                          key=None,
                                                                                                                                                                          type=Type(types=[Typename(name='reputon',
                                                                                                                                                                                                    unwrapped=None,
                                                                                                                                                                                                    parameters=None)]))])])]))])],
                                             isMap=True)]))),
 Rule(name=Typename(name='reputon', unwrapped=None, parameters=None),
      assign=Token(type=<Tokens.ASSIGN: '='>,
                   literal='',
                   comments=[],
                   whitespace=' '),
      type=GroupEntry(occurrence=None,
                      key=None,
                      type=Type(types=[Group(groupChoices=[GroupChoice(groupEntries=[GroupEntry(occurrence=None,
                                                                                                key=Memberkey(type=Typename(name='rater',
                                                                                                                            unwrapped=None,
                                                                                                                            parameters=None),
                                                                                                              hasCut=True,
                                                                                                              hasColon=True,
                                                                                                              tokens=[Token(type=<Tokens.COLON: ':'>,
                                                                                                                            literal='',
                                                                                                                            comments=[],
                                                                                                                            whitespace='')]),
                                                                                                type=Type(types=[Typename(name='text',
                                                                                                                          unwrapped=None,
                                                                                                                          parameters=None)])),
                                                                                     GroupEntry(occurrence=None,
                                                                                                key=Memberkey(type=Typename(name='assertion',
                                                                                                                            unwrapped=None,
                                                                                                                            parameters=None),
                                                                                                              hasCut=True,
                                                                                                              hasColon=True,
                                                                                                              tokens=[Token(type=<Tokens.COLON: ':'>,
                                                                                                                            literal='',
                                                                                                                            comments=[],
                                                                                                                            whitespace='')]),
                                                                                                type=Type(types=[Typename(name='text',
                                                                                                                          unwrapped=None,
                                                                                                                          parameters=None)])),
                                                                                     GroupEntry(occurrence=None,
                                                                                                key=Memberkey(type=Typename(name='rated',
                                                                                                                            unwrapped=None,
                                                                                                                            parameters=None),
                                                                                                              hasCut=True,
                                                                                                              hasColon=True,
                                                                                                              tokens=[Token(type=<Tokens.COLON: ':'>,
                                                                                                                            literal='',
                                                                                                                            comments=[],
                                                                                                                            whitespace='')]),
                                                                                                type=Type(types=[Typename(name='text',
                                                                                                                          unwrapped=None,
                                                                                                                          parameters=None)])),
                                                                                     GroupEntry(occurrence=None,
                                                                                                key=Memberkey(type=Typename(name='rating',
                                                                                                                            unwrapped=None,
                                                                                                                            parameters=None),
                                                                                                              hasCut=True,
                                                                                                              hasColon=True,
                                                                                                              tokens=[Token(type=<Tokens.COLON: ':'>,
                                                                                                                            literal='',
                                                                                                                            comments=[],
                                                                                                                            whitespace='')]),
                                                                                                type=Type(types=[Typename(name='float16',
                                                                                                                          unwrapped=None,
                                                                                                                          parameters=None)])),
                                                                                     GroupEntry(occurrence=None,
                                                                                                key=Memberkey(type=Typename(name='confidence',
                                                                                                                            unwrapped=None,
                                                                                                                            parameters=None),
                                                                                                              hasCut=True,
                                                                                                              hasColon=True,
                                                                                                              tokens=[Token(type=<Tokens.COLON: ':'>,
                                                                                                                            literal='',
                                                                                                                            comments=[],
                                                                                                                            whitespace='')]),
                                                                                                type=Type(types=[Typename(name='float16',
                                                                                                                          unwrapped=None,
                                                                                                                          parameters=None)])),
                                                                                     GroupEntry(occurrence=None,
                                                                                                key=Memberkey(type=Typename(name='normal-rating',
                                                                                                                            unwrapped=None,
                                                                                                                            parameters=None),
                                                                                                              hasCut=True,
                                                                                                              hasColon=True,
                                                                                                              tokens=[Token(type=<Tokens.COLON: ':'>,
                                                                                                                            literal='',
                                                                                                                            comments=[],
                                                                                                                            whitespace='')]),
                                                                                                type=Type(types=[Typename(name='float16',
                                                                                                                          unwrapped=None,
                                                                                                                          parameters=None)])),
                                                                                     GroupEntry(occurrence=None,
                                                                                                key=Memberkey(type=Typename(name='sample-size',
                                                                                                                            unwrapped=None,
                                                                                                                            parameters=None),
                                                                                                              hasCut=True,
                                                                                                              hasColon=True,
                                                                                                              tokens=[Token(type=<Tokens.COLON: ':'>,
                                                                                                                            literal='',
                                                                                                                            comments=[],
                                                                                                                            whitespace='')]),
                                                                                                type=Type(types=[Typename(name='uint',
                                                                                                                          unwrapped=None,
                                                                                                                          parameters=None)])),
                                                                                     GroupEntry(occurrence=None,
                                                                                                key=Memberkey(type=Typename(name='generated',
                                                                                                                            unwrapped=None,
                                                                                                                            parameters=None),
                                                                                                              hasCut=True,
                                                                                                              hasColon=True,
                                                                                                              tokens=[Token(type=<Tokens.COLON: ':'>,
                                                                                                                            literal='',
                                                                                                                            comments=[],
                                                                                                                            whitespace='')]),
                                                                                                type=Type(types=[Typename(name='uint',
                                                                                                                          unwrapped=None,
                                                                                                                          parameters=None)])),
                                                                                     GroupEntry(occurrence=None,
                                                                                                key=Memberkey(type=Typename(name='expires',
                                                                                                                            unwrapped=None,
                                                                                                                            parameters=None),
                                                                                                              hasCut=True,
                                                                                                              hasColon=True,
                                                                                                              tokens=[Token(type=<Tokens.COLON: ':'>,
                                                                                                                            literal='',
                                                                                                                            comments=[],
                                                                                                                            whitespace='')]),
                                                                                                type=Type(types=[Typename(name='uint',
                                                                                                                          unwrapped=None,
                                                                                                                          parameters=None)])),
                                                                                     GroupEntry(occurrence=None,
                                                                                                key=Memberkey(type=Typename(name='text',
                                                                                                                            unwrapped=None,
                                                                                                                            parameters=None),
                                                                                                              hasCut=False,
                                                                                                              hasColon=False,
                                                                                                              tokens=[Token(type=<Tokens.ARROWMAP: '=>'>,
                                                                                                                            literal='',
                                                                                                                            comments=[],
                                                                                                                            whitespace=' ')]),
                                                                                                type=Type(types=[Typename(name='any',
                                                                                                                          unwrapped=None,
                                                                                                                          parameters=None)]))])],
                                             isMap=True)])))]