CDDLTree
  Token: EOF (EOF)
    whitespaces: 1
  Rule
    Typename
      reputation-object
    Token: ASSIGN (=)
      whitespaces: 1
    Type
      Map
        Token: LBRACE ({)
          whitespaces: 1
        Token: RBRACE (})
          whitespaces: 1
        GroupChoice
          GroupEntry
            Token: COMMA (,)
            Type
              Typename
                whitespaces: 1
                reputation-context
          GroupEntry
            Type
              Typename
                whitespaces: 1
                reputon-list
  Rule
    Typename
      whitespaces: 2
      reputation-context
    Token: ASSIGN (=)
      whitespaces: 1
    GroupEntry
      Type
        Group
          Token: LPAREN (()
            whitespaces: 1
          Token: RPAREN ())
            whitespaces: 1
          GroupChoice
            GroupEntry
              Memberkey
                Typename
                  whitespaces: 1
                  application
                Token: COLON (:)
              Type
                Typename
                  whitespaces: 1
                  text
  Rule
    Typename
      whitespaces: 2
      reputon-list
    Token: ASSIGN (=)
      whitespaces: 1
    GroupEntry
      Type
        Group
          Token: LPAREN (()
            whitespaces: 1
          Token: RPAREN ())
            whitespaces: 1
          GroupChoice
            GroupEntry
              Memberkey
                Typename
                  whitespaces: 1
                  reputons
                Token: COLON (:)
              Type
                Typename
                  whitespaces: 1
                  reputon-array
  Rule
    Typename
      whitespaces: 2
      reputon-array
    Token: ASSIGN (=)
      whitespaces: 1
    Type
      Array
        Token: LBRACK ([)
          whitespaces: 1
        Token: RBRACK (])
          whitespaces: 1
        GroupChoice
          GroupEntry
            Occurrence
              Token: ASTERISK (*)
                whitespaces: 1
            Type
              Typename
                whitespaces: 1
                reputon
  Rule
    Typename
      whitespaces: 2
      reputon
    Token: ASSIGN (=)
      whitespaces: 1
    Type
      Map
        Token: LBRACE ({)
          whitespaces: 1
        Token: RBRACE (})
          whitespaces: 1
        GroupChoice
          GroupEntry
            Token: COMMA (,)
            Type
              Typename
                whitespaces: 2
                rater-value
          GroupEntry
            Token: COMMA (,)
            Type
              Typename
                whitespaces: 2
                assertion-value
          GroupEntry
            Token: COMMA (,)
            Type
              Typename
                whitespaces: 2
                rated-value
          GroupEntry
            Token: COMMA (,)
            Type
              Typename
                whitespaces: 2
                rating-value
          GroupEntry
            Token: COMMA (,)
            Occurrence
              Token: QUEST (?)
                whitespaces: 2
            Type
              Typename
                whitespaces: 1
                conf-value
          GroupEntry
            Token: COMMA (,)
            Occurrence
              Token: QUEST (?)
                whitespaces: 2
            Type
              Typename
                whitespaces: 1
                normal-value
          GroupEntry
            Token: COMMA (,)
            Occurrence
              Token: QUEST (?)
                whitespaces: 2
            Type
              Typename
                whitespaces: 1
                sample-value
          GroupEntry
            Token: COMMA (,)
            Occurrence
              Token: QUEST (?)
                whitespaces: 2
            Type
              Typename
                whitespaces: 1
                gen-value
          GroupEntry
            Token: COMMA (,)
            Occurrence
              Token: QUEST (?)
                whitespaces: 2
            Type
              Typename
                whitespaces: 1
                expire-value
          GroupEntry
            Occurrence
              Token: ASTERISK (*)
                whitespaces: 2
            Type
              Typename
                whitespaces: 1
                ext-value
  Rule
    Typename
      whitespaces: 2
      rater-value
    Token: ASSIGN (=)
      whitespaces: 1
    GroupEntry
      Type
        Group
          Token: LPAREN (()
            whitespaces: 1
          Token: RPAREN ())
            whitespaces: 1
          GroupChoice
            GroupEntry
              Memberkey
                Typename
                  whitespaces: 1
                  rater
                Token: COLON (:)
              Type
                Typename
                  whitespaces: 1
                  text
  Rule
    Typename
      whitespaces: 2
      assertion-value
    Token: ASSIGN (=)
      whitespaces: 1
    GroupEntry
      Type
        Group
          Token: LPAREN (()
            whitespaces: 1
          Token: RPAREN ())
            whitespaces: 1
          GroupChoice
            GroupEntry
              Memberkey
                Typename
                  whitespaces: 1
                  assertion
                Token: COLON (:)
              Type
                Typename
                  whitespaces: 1
                  text
  Rule
    Typename
      whitespaces: 2
      rated-value
    Token: ASSIGN (=)
      whitespaces: 1
    GroupEntry
      Type
        Group
          Token: LPAREN (()
            whitespaces: 1
          Token: RPAREN ())
            whitespaces: 1
          GroupChoice
            GroupEntry
              Memberkey
                Typename
                  whitespaces: 1
                  rated
                Token: COLON (:)
              Type
                Typename
                  whitespaces: 1
                  text
  Rule
    Typename
      whitespaces: 2
      rating-value
    Token: ASSIGN (=)
      whitespaces: 1
    GroupEntry
      Type
        Group
          Token: LPAREN (()
            whitespaces: 1
          Token: RPAREN ())
            whitespaces: 1
          GroupChoice
            GroupEntry
              Memberkey
                Typename
                  whitespaces: 1
                  rating
                Token: COLON (:)
              Type
                Typename
                  whitespaces: 1
                  float16
  Rule
    Typename
      whitespaces: 2
      conf-value
    Token: ASSIGN (=)
      whitespaces: 1
    GroupEntry
      Type
        Group
          Token: LPAREN (()
            whitespaces: 1
          Token: RPAREN ())
            whitespaces: 1
          GroupChoice
            GroupEntry
              Memberkey
                Typename
                  whitespaces: 1
                  confidence
                Token: COLON (:)
              Type
                Typename
                  whitespaces: 1
                  float16
  Rule
    Typename
      whitespaces: 2
      normal-value
    Token: ASSIGN (=)
      whitespaces: 1
    GroupEntry
      Type
        Group
          Token: LPAREN (()
            whitespaces: 1
          Token: RPAREN ())
            whitespaces: 1
          GroupChoice
            GroupEntry
              Memberkey
                Typename
                  whitespaces: 1
                  normal-rating
                Token: COLON (:)
              Type
                Typename
                  whitespaces: 1
                  float16
  Rule
    Typename
      whitespaces: 2
      sample-value
    Token: ASSIGN (=)
      whitespaces: 1
    GroupEntry
      Type
        Group
          Token: LPAREN (()
            whitespaces: 1
          Token: RPAREN ())
            whitespaces: 1
          GroupChoice
            GroupEntry
              Memberkey
                Typename
                  whitespaces: 1
                  sample-size
                Token: COLON (:)
              Type
                Typename
                  whitespaces: 1
                  uint
  Rule
    Typename
      whitespaces: 2
      gen-value
    Token: ASSIGN (=)
      whitespaces: 1
    GroupEntry
      Type
        Group
          Token: LPAREN (()
            whitespaces: 1
          Token: RPAREN ())
            whitespaces: 1
          GroupChoice
            GroupEntry
              Memberkey
                Typename
                  whitespaces: 1
                  generated
                Token: COLON (:)
              Type
                Typename
                  whitespaces: 1
                  uint
  Rule
    Typename
      whitespaces: 2
      expire-value
    Token: ASSIGN (=)
      whitespaces: 1
    GroupEntry
      Type
        Group
          Token: LPAREN (()
            whitespaces: 1
          Token: RPAREN ())
            whitespaces: 1
          GroupChoice
            GroupEntry
              Memberkey
                Typename
                  whitespaces: 1
                  expires
                Token: COLON (:)
              Type
                Typename
                  whitespaces: 1
                  uint
  Rule
    Typename
      whitespaces: 2
      ext-value
    Token: ASSIGN (=)
      whitespaces: 1
    GroupEntry
      Type
        Group
          Token: LPAREN (()
            whitespaces: 1
          Token: RPAREN ())
            whitespaces: 1
          GroupChoice
            GroupEntry
              Memberkey
                Typename
                  whitespaces: 1
                  text
                Token: ARROWMAP (=>)
                  whitespaces: 1
              Type
                Typename
                  whitespaces: 1
                  any