[Rule(name='reputation-object',
      isChoiceAddition=False,
      type=GroupEntry(occurrence=Occurrence(n=1, m=1),
                      key=None,
                      type=Type(types=[Group(groupChoices=[GroupChoice(groupEntries=[GroupEntry(occurrence=Occurrence(n=1,
                                                                                                                      m=1),
                                                                                                key=Memberkey(type=Typename(name='application',
                                                                                                                            unwrapped=False),
                                                                                                              hasCut=True),
                                                                                                type=Type(types=[Typename(name='text',
                                                                                                                          unwrapped=False)])),
                                                                                     GroupEntry(occurrence=Occurrence(n=1,
                                                                                                                      m=1),
                                                                                                key=Memberkey(type=Typename(name='reputons',
                                                                                                                            unwrapped=False),
                                                                                                              hasCut=True),
                                                                                                type=Type(types=[Array(groupChoices=[GroupChoice(groupEntries=[GroupEntry(occurrence=Occurrence(n=0,
                                                                                                                                                                                                m=inf),
                                                                                                                                                                          key=None,
                                                                                                                                                                          type=Type(types=[Typename(name='reputon',
                                                                                                                                                                                                    unwrapped=False)]))])])]))])],
                                             isMap=True)]))),
 Rule(name='reputon',
      isChoiceAddition=False,
      type=GroupEntry(occurrence=Occurrence(n=1, m=1),
                      key=None,
                      type=Type(types=[Group(groupChoices=[GroupChoice(groupEntries=[GroupEntry(occurrence=Occurrence(n=1,
                                                                                                                      m=1),
                                                                                                key=Memberkey(type=Typename(name='rater',
                                                                                                                            unwrapped=False),
                                                                                                              hasCut=True),
                                                                                                type=Type(types=[Typename(name='text',
                                                                                                                          unwrapped=False)])),
                                                                                     GroupEntry(occurrence=Occurrence(n=1,
                                                                                                                      m=1),
                                                                                                key=Memberkey(type=Typename(name='assertion',
                                                                                                                            unwrapped=False),
                                                                                                              hasCut=True),
                                                                                                type=Type(types=[Typename(name='text',
                                                                                                                          unwrapped=False)])),
                                                                                     GroupEntry(occurrence=Occurrence(n=1,
                                                                                                                      m=1),
                                                                                                key=Memberkey(type=Typename(name='rated',
                                                                                                                            unwrapped=False),
                                                                                                              hasCut=True),
                                                                                                type=Type(types=[Typename(name='text',
                                                                                                                          unwrapped=False)])),
                                                                                     GroupEntry(occurrence=Occurrence(n=1,
                                                                                                                      m=1),
                                                                                                key=Memberkey(type=Typename(name='rating',
                                                                                                                            unwrapped=False),
                                                                                                              hasCut=True),
                                                                                                type=Type(types=[Typename(name='float16',
                                                                                                                          unwrapped=False)])),
                                                                                     GroupEntry(occurrence=Occurrence(n=1,
                                                                                                                      m=1),
                                                                                                key=Memberkey(type=Typename(name='confidence',
                                                                                                                            unwrapped=False),
                                                                                                              hasCut=True),
                                                                                                type=Type(types=[Typename(name='float16',
                                                                                                                          unwrapped=False)])),
                                                                                     GroupEntry(occurrence=Occurrence(n=1,
                                                                                                                      m=1),
                                                                                                key=Memberkey(type=Typename(name='normal-rating',
                                                                                                                            unwrapped=False),
                                                                                                              hasCut=True),
                                                                                                type=Type(types=[Typename(name='float16',
                                                                                                                          unwrapped=False)])),
                                                                                     GroupEntry(occurrence=Occurrence(n=1,
                                                                                                                      m=1),
                                                                                                key=Memberkey(type=Typename(name='sample-size',
                                                                                                                            unwrapped=False),
                                                                                                              hasCut=True),
                                                                                                type=Type(types=[Typename(name='uint',
                                                                                                                          unwrapped=False)])),
                                                                                     GroupEntry(occurrence=Occurrence(n=1,
                                                                                                                      m=1),
                                                                                                key=Memberkey(type=Typename(name='generated',
                                                                                                                            unwrapped=False),
                                                                                                              hasCut=True),
                                                                                                type=Type(types=[Typename(name='uint',
                                                                                                                          unwrapped=False)])),
                                                                                     GroupEntry(occurrence=Occurrence(n=1,
                                                                                                                      m=1),
                                                                                                key=Memberkey(type=Typename(name='expires',
                                                                                                                            unwrapped=False),
                                                                                                              hasCut=True),
                                                                                                type=Type(types=[Typename(name='uint',
                                                                                                                          unwrapped=False)])),
                                                                                     GroupEntry(occurrence=Occurrence(n=1,
                                                                                                                      m=1),
                                                                                                key=Memberkey(type=Typename(name='text',
                                                                                                                            unwrapped=False),
                                                                                                              hasCut=False),
                                                                                                type=Type(types=[Typename(name='any',
                                                                                                                          unwrapped=False)]))])],
                                             isMap=True)])))]