CDDLTree
  Token: EOF (EOF)
    whitespaces: 1
  Rule
    Typename
      PersonalData
    Token: ASSIGN (=)
      whitespaces: 1
    Type
      Map
        Token: LBRACE ({)
          whitespaces: 1
        Token: RBRACE (})
          whitespaces: 1
        GroupChoice
          GroupEntry
            Token: COMMA (,)
            Occurrence
              Token: QUEST (?)
                whitespaces: 2
            Memberkey
              Typename
                whitespaces: 1
                displayName
              Token: COLON (:)
            Type
              Typename
                whitespaces: 1
                tstr
          GroupEntry
            Token: COMMA (,)
            Type
              Typename
                whitespaces: 2
                NameComponents
          GroupEntry
            Token: COMMA (,)
            Occurrence
              Token: QUEST (?)
                whitespaces: 2
            Memberkey
              Typename
                whitespaces: 1
                age
              Token: COLON (:)
            Type
              Typename
                whitespaces: 1
                uint
          GroupEntry
            Occurrence
              Token: ASTERISK (*)
                whitespaces: 2
            Type
              Typename
                whitespaces: 1
                $$personaldata-extensions
  Rule
    Typename
      whitespaces: 2
      NameComponents
    Token: ASSIGN (=)
      whitespaces: 1
    GroupEntry
      Type
        Group
          Token: LPAREN (()
            whitespaces: 1
          Token: RPAREN ())
            whitespaces: 1
          GroupChoice
            GroupEntry
              Token: COMMA (,)
              Occurrence
                Token: QUEST (?)
                  whitespaces: 1
              Memberkey
                Typename
                  whitespaces: 1
                  firstName
                Token: COLON (:)
              Type
                Typename
                  whitespaces: 1
                  tstr
            GroupEntry
              Occurrence
                Token: QUEST (?)
                  whitespaces: 1
              Memberkey
                Typename
                  whitespaces: 1
                  familyName
                Token: COLON (:)
              Type
                Typename
                  whitespaces: 1
                  tstr
  Rule
    Typename
      Token: COMMENT (COMMENT)
        whitespaces: 2
        literal: ; The above already works as is.
      Token: COMMENT (COMMENT)
        whitespaces: 1
        literal: ; But then, we can add later:
      whitespaces: 2
      $$personaldata-extensions
    Token: GCHOICEALT (//=)
      whitespaces: 1
    GroupEntry
      Type
        Group
          Token: LPAREN (()
            whitespaces: 1
          Token: RPAREN ())
            whitespaces: 1
          GroupChoice
            GroupEntry
              Token: COMMA (,)
              Memberkey
                Typename
                  whitespaces: 1
                  favorite-salsa
                Token: COLON (:)
              Type
                Typename
                  whitespaces: 1
                  tstr
  Rule
    Typename
      Token: COMMENT (COMMENT)
        whitespaces: 2
        literal: ; and again, somewhere else:
      whitespaces: 2
      $$personaldata-extensions
    Token: GCHOICEALT (//=)
      whitespaces: 1
    GroupEntry
      Type
        Group
          Token: LPAREN (()
            whitespaces: 1
          Token: RPAREN ())
            whitespaces: 1
          GroupChoice
            GroupEntry
              Token: COMMA (,)
              Memberkey
                Typename
                  whitespaces: 1
                  shoesize
                Token: COLON (:)
              Type
                Typename
                  whitespaces: 1
                  uint