[Rule(name=Typename(name='a', unwrapped=False, parameters=None),
      isChoiceAddition=False,
      type=GroupEntry(occurrence=Occurrence(n=1, m=1),
                      key=None,
                      type=Type(types=[Group(groupChoices=[GroupChoice(groupEntries=[GroupEntry(occurrence=Occurrence(n=1,
                                                                                                                      m=1),
                                                                                                key=None,
                                                                                                type=Type(types=[Typename(name='b',
                                                                                                                          unwrapped=False,
                                                                                                                          parameters=None)]))])],
                                             isMap=False)]))),
 Rule(name=Typename(name='b', unwrapped=False, parameters=None),
      isChoiceAddition=False,
      type=GroupEntry(occurrence=Occurrence(n=1, m=1),
                      key=None,
                      type=Type(types=[Group(groupChoices=[GroupChoice(groupEntries=[GroupEntry(occurrence=Occurrence(n=1,
                                                                                                                      m=1),
                                                                                                key=None,
                                                                                                type=Type(types=[Typename(name='c',
                                                                                                                          unwrapped=False,
                                                                                                                          parameters=None)]))])],
                                             isMap=False)]))),
 Rule(name=Typename(name='c', unwrapped=False, parameters=None),
      isChoiceAddition=False,
      type=GroupEntry(occurrence=Occurrence(n=1, m=1),
                      key=None,
                      type=Type(types=[Typename(name='d',
                                                unwrapped=False,
                                                parameters=None)]))),
 Rule(name=Typename(name='d', unwrapped=False, parameters=None),
      isChoiceAddition=False,
      type=GroupEntry(occurrence=Occurrence(n=1, m=1),
                      key=None,
                      type=Type(types=[Typename(name='tstr',
                                                unwrapped=False,
                                                parameters=None)]))),
 Rule(name=Typename(name='e', unwrapped=False, parameters=None),
      isChoiceAddition=False,
      type=GroupEntry(occurrence=Occurrence(n=1, m=1),
                      key=None,
                      type=Type(types=[Group(groupChoices=[GroupChoice(groupEntries=[GroupEntry(occurrence=Occurrence(n=1,
                                                                                                                      m=1),
                                                                                                key=None,
                                                                                                type=Type(types=[Typename(name='f',
                                                                                                                          unwrapped=False,
                                                                                                                          parameters=None)]))])],
                                             isMap=False)]))),
 Rule(name=Typename(name='f', unwrapped=False, parameters=None),
      isChoiceAddition=False,
      type=GroupEntry(occurrence=Occurrence(n=1, m=1),
                      key=None,
                      type=Type(types=[Group(groupChoices=[GroupChoice(groupEntries=[GroupEntry(occurrence=Occurrence(n=1,
                                                                                                                      m=1),
                                                                                                key=None,
                                                                                                type=Type(types=[Typename(name='g',
                                                                                                                          unwrapped=False,
                                                                                                                          parameters=None)]))])],
                                             isMap=False)]))),
 Rule(name=Typename(name='g', unwrapped=False, parameters=None),
      isChoiceAddition=False,
      type=GroupEntry(occurrence=Occurrence(n=1, m=1),
                      key=None,
                      type=Type(types=[Typename(name='h',
                                                unwrapped=False,
                                                parameters=None)]))),
 Rule(name=Typename(name='h', unwrapped=False, parameters=None),
      isChoiceAddition=False,
      type=GroupEntry(occurrence=Occurrence(n=1, m=1),
                      key=None,
                      type=Type(types=[Group(groupChoices=[], isMap=False)])))]