CDDLTree
  Token: EOF (EOF)
  Rule
    Typename
      basic-header
    Token: ASSIGN (=)
      whitespaces: 1
    Type
      Array
        Token: LBRACK ([)
          whitespaces: 1
        Token: RBRACK (])
          whitespaces: 1
        GroupChoice
          GroupEntry
            Token: COMMA (,)
            Memberkey
              Typename
                whitespaces: 5
                field1
              Token: COLON (:)
            Type
              Typename
                whitespaces: 1
                int
          GroupEntry
            Token: COMMA (,)
            Memberkey
              Typename
                whitespaces: 5
                field2
              Token: COLON (:)
            Type
              Typename
                whitespaces: 1
                text
  Rule
    Typename
      whitespaces: 2
      advanced-header
    Token: ASSIGN (=)
      whitespaces: 1
    Type
      Array
        Token: LBRACK ([)
          whitespaces: 1
        Token: RBRACK (])
          whitespaces: 1
        GroupChoice
          GroupEntry
            Token: COMMA (,)
            Type
              Typename
                basic-header
                Token: TILDE (~)
                  whitespaces: 5
          GroupEntry
            Token: COMMA (,)
            Memberkey
              Typename
                whitespaces: 5
                field3
              Token: COLON (:)
            Type
              Typename
                whitespaces: 1
                bytes
          GroupEntry
            Token: COMMA (,)
            Memberkey
              Typename
                whitespaces: 5
                field4
              Token: COLON (:)
            Type
              Typename
                time
                Token: TILDE (~)
                  whitespaces: 1